Archive member included to satisfy reference by file (symbol)

C:/ST/STM32CubeIDE_1.17.0/STM32CubeIDE/plugins/com.st.stm32cube.ide.mcu.externaltools.gnu-tools-for-stm32.12.3.rel1.win32_1.1.0.202410251130/tools/bin/../lib/gcc/arm-none-eabi/12.3.1/../../../../arm-none-eabi/lib/thumb/v7e-m/nofp\libc_nano.a(libc_a-exit.o)
                              C:/ST/STM32CubeIDE_1.17.0/STM32CubeIDE/plugins/com.st.stm32cube.ide.mcu.externaltools.gnu-tools-for-stm32.12.3.rel1.win32_1.1.0.202410251130/tools/bin/../lib/gcc/arm-none-eabi/12.3.1/../../../../arm-none-eabi/lib/thumb/v7e-m/nofp/crt0.o (exit)
C:/ST/STM32CubeIDE_1.17.0/STM32CubeIDE/plugins/com.st.stm32cube.ide.mcu.externaltools.gnu-tools-for-stm32.12.3.rel1.win32_1.1.0.202410251130/tools/bin/../lib/gcc/arm-none-eabi/12.3.1/../../../../arm-none-eabi/lib/thumb/v7e-m/nofp\libc_nano.a(libc_a-findfp.o)
                              C:/ST/STM32CubeIDE_1.17.0/STM32CubeIDE/plugins/com.st.stm32cube.ide.mcu.externaltools.gnu-tools-for-stm32.12.3.rel1.win32_1.1.0.202410251130/tools/bin/../lib/gcc/arm-none-eabi/12.3.1/../../../../arm-none-eabi/lib/thumb/v7e-m/nofp\libc_nano.a(libc_a-exit.o) (__stdio_exit_handler)
C:/ST/STM32CubeIDE_1.17.0/STM32CubeIDE/plugins/com.st.stm32cube.ide.mcu.externaltools.gnu-tools-for-stm32.12.3.rel1.win32_1.1.0.202410251130/tools/bin/../lib/gcc/arm-none-eabi/12.3.1/../../../../arm-none-eabi/lib/thumb/v7e-m/nofp\libc_nano.a(libc_a-fwalk.o)
                              C:/ST/STM32CubeIDE_1.17.0/STM32CubeIDE/plugins/com.st.stm32cube.ide.mcu.externaltools.gnu-tools-for-stm32.12.3.rel1.win32_1.1.0.202410251130/tools/bin/../lib/gcc/arm-none-eabi/12.3.1/../../../../arm-none-eabi/lib/thumb/v7e-m/nofp\libc_nano.a(libc_a-findfp.o) (_fwalk_sglue)
C:/ST/STM32CubeIDE_1.17.0/STM32CubeIDE/plugins/com.st.stm32cube.ide.mcu.externaltools.gnu-tools-for-stm32.12.3.rel1.win32_1.1.0.202410251130/tools/bin/../lib/gcc/arm-none-eabi/12.3.1/../../../../arm-none-eabi/lib/thumb/v7e-m/nofp\libc_nano.a(libc_a-stdio.o)
                              C:/ST/STM32CubeIDE_1.17.0/STM32CubeIDE/plugins/com.st.stm32cube.ide.mcu.externaltools.gnu-tools-for-stm32.12.3.rel1.win32_1.1.0.202410251130/tools/bin/../lib/gcc/arm-none-eabi/12.3.1/../../../../arm-none-eabi/lib/thumb/v7e-m/nofp\libc_nano.a(libc_a-findfp.o) (__sread)
C:/ST/STM32CubeIDE_1.17.0/STM32CubeIDE/plugins/com.st.stm32cube.ide.mcu.externaltools.gnu-tools-for-stm32.12.3.rel1.win32_1.1.0.202410251130/tools/bin/../lib/gcc/arm-none-eabi/12.3.1/../../../../arm-none-eabi/lib/thumb/v7e-m/nofp\libc_nano.a(libc_a-memset.o)
                              C:/ST/STM32CubeIDE_1.17.0/STM32CubeIDE/plugins/com.st.stm32cube.ide.mcu.externaltools.gnu-tools-for-stm32.12.3.rel1.win32_1.1.0.202410251130/tools/bin/../lib/gcc/arm-none-eabi/12.3.1/../../../../arm-none-eabi/lib/thumb/v7e-m/nofp/crt0.o (memset)
C:/ST/STM32CubeIDE_1.17.0/STM32CubeIDE/plugins/com.st.stm32cube.ide.mcu.externaltools.gnu-tools-for-stm32.12.3.rel1.win32_1.1.0.202410251130/tools/bin/../lib/gcc/arm-none-eabi/12.3.1/../../../../arm-none-eabi/lib/thumb/v7e-m/nofp\libc_nano.a(libc_a-closer.o)
                              C:/ST/STM32CubeIDE_1.17.0/STM32CubeIDE/plugins/com.st.stm32cube.ide.mcu.externaltools.gnu-tools-for-stm32.12.3.rel1.win32_1.1.0.202410251130/tools/bin/../lib/gcc/arm-none-eabi/12.3.1/../../../../arm-none-eabi/lib/thumb/v7e-m/nofp\libc_nano.a(libc_a-stdio.o) (_close_r)
C:/ST/STM32CubeIDE_1.17.0/STM32CubeIDE/plugins/com.st.stm32cube.ide.mcu.externaltools.gnu-tools-for-stm32.12.3.rel1.win32_1.1.0.202410251130/tools/bin/../lib/gcc/arm-none-eabi/12.3.1/../../../../arm-none-eabi/lib/thumb/v7e-m/nofp\libc_nano.a(libc_a-reent.o)
                              C:/ST/STM32CubeIDE_1.17.0/STM32CubeIDE/plugins/com.st.stm32cube.ide.mcu.externaltools.gnu-tools-for-stm32.12.3.rel1.win32_1.1.0.202410251130/tools/bin/../lib/gcc/arm-none-eabi/12.3.1/../../../../arm-none-eabi/lib/thumb/v7e-m/nofp\libc_nano.a(libc_a-closer.o) (errno)
C:/ST/STM32CubeIDE_1.17.0/STM32CubeIDE/plugins/com.st.stm32cube.ide.mcu.externaltools.gnu-tools-for-stm32.12.3.rel1.win32_1.1.0.202410251130/tools/bin/../lib/gcc/arm-none-eabi/12.3.1/../../../../arm-none-eabi/lib/thumb/v7e-m/nofp\libc_nano.a(libc_a-impure.o)
                              C:/ST/STM32CubeIDE_1.17.0/STM32CubeIDE/plugins/com.st.stm32cube.ide.mcu.externaltools.gnu-tools-for-stm32.12.3.rel1.win32_1.1.0.202410251130/tools/bin/../lib/gcc/arm-none-eabi/12.3.1/../../../../arm-none-eabi/lib/thumb/v7e-m/nofp\libc_nano.a(libc_a-reent.o) (_impure_ptr)
C:/ST/STM32CubeIDE_1.17.0/STM32CubeIDE/plugins/com.st.stm32cube.ide.mcu.externaltools.gnu-tools-for-stm32.12.3.rel1.win32_1.1.0.202410251130/tools/bin/../lib/gcc/arm-none-eabi/12.3.1/../../../../arm-none-eabi/lib/thumb/v7e-m/nofp\libc_nano.a(libc_a-lseekr.o)
[...]
Memory Configuration

Name             Origin             Length             Attributes
RAM1             0x20000000         0x00008000         xrw
NVM_RAM          0x20008000         0x00001000         rw
RAM2             0x20009000         0x00007000         xrw
FLASH            0x08000000         0x0003e000         xr
USER_Key_region_ROM 0x0803e500         0x00000300         xr
*default*        0x00000000         0xffffffff

Linker script and memory map

LOAD C:/ST/STM32CubeIDE_1.17.0/STM32CubeIDE/plugins/com.st.stm32cube.ide.mcu.externaltools.gnu-tools-for-stm32.12.3.rel1.win32_1.1.0.202410251130/tools/bin/../lib/gcc/arm-none-eabi/12.3.1/thumb/v7e-m/nofp/crti.o
LOAD C:/ST/STM32CubeIDE_1.17.0/STM32CubeIDE/plugins/com.st.stm32cube.ide.mcu.externaltools.gnu-tools-for-stm32.12.3.rel1.win32_1.1.0.202410251130/tools/bin/../lib/gcc/arm-none-eabi/12.3.1/thumb/v7e-m/nofp/crtbegin.o
LOAD C:/ST/STM32CubeIDE_1.17.0/STM32CubeIDE/plugins/com.st.stm32cube.ide.mcu.externaltools.gnu-tools-for-stm32.12.3.rel1.win32_1.1.0.202410251130/tools/bin/../lib/gcc/arm-none-eabi/12.3.1/../../../../arm-none-eabi/lib/thumb/v7e-m/nofp/crt0.o
LOAD ./Application/User/Core/adc.o
LOAD ./Application/User/Core/adc_if.o
LOAD ./Application/User/Core/dma.o
LOAD ./Application/User/Core/flash_if.o
LOAD ./Application/User/Core/gpio.o
LOAD ./Application/User/Core/main.o
LOAD ./Application/User/Core/rtc.o
LOAD ./Application/User/Core/stm32_lpm_if.o
LOAD ./Application/User/Core/stm32wlxx_hal_msp.o
LOAD ./Application/User/Core/stm32wlxx_it.o
LOAD ./Application/User/Core/subghz.o
LOAD ./Application/User/Core/sys_app.o
LOAD ./Application/User/Core/sys_debug.o
LOAD ./Application/User/Core/sys_sensors.o
LOAD ./Application/User/Core/syscalls.o
LOAD ./Application/User/Core/sysmem.o
LOAD ./Application/User/Core/timer_if.o
LOAD ./Application/User/Core/usart.o
LOAD ./Application/User/Core/usart_if.o
LOAD ./Application/User/LoRaWAN/App/CayenneLpp.o
LOAD ./Application/User/LoRaWAN/App/app_lorawan.o
LOAD ./Application/User/LoRaWAN/App/lora_app.o
LOAD ./Application/User/LoRaWAN/App/lora_info.o
LOAD ./Application/User/LoRaWAN/Target/radio_board_if.o
LOAD ./Application/User/Startup/startup_stm32wl55jcix.o
LOAD ./Drivers/BSP/STM32WLxx_Nucleo/stm32wlxx_nucleo.o
LOAD ./Drivers/BSP/STM32WLxx_Nucleo/stm32wlxx_nucleo_radio.o
LOAD ./Drivers/CMSIS/system_stm32wlxx.o
LOAD ./Drivers/STM32WLxx_HAL_Driver/stm32wlxx_hal.o
LOAD ./Drivers/STM32WLxx_HAL_Driver/stm32wlxx_hal_adc.o
LOAD ./Drivers/STM32WLxx_HAL_Driver/stm32wlxx_hal_adc_ex.o
LOAD ./Drivers/STM32WLxx_HAL_Driver/stm32wlxx_hal_cortex.o
LOAD ./Drivers/STM32WLxx_HAL_Driver/stm32wlxx_hal_dma.o
LOAD ./Drivers/STM32WLxx_HAL_Driver/stm32wlxx_hal_dma_ex.o
LOAD ./Drivers/STM32WLxx_HAL_Driver/stm32wlxx_hal_exti.o
LOAD ./Drivers/STM32WLxx_HAL_Driver/stm32wlxx_hal_flash.o
LOAD ./Drivers/STM32WLxx_HAL_Driver/stm32wlxx_hal_flash_ex.o
LOAD ./Drivers/STM32WLxx_HAL_Driver/stm32wlxx_hal_gpio.o
LOAD ./Drivers/STM32WLxx_HAL_Driver/stm32wlxx_hal_pwr.o
LOAD ./Drivers/STM32WLxx_HAL_Driver/stm32wlxx_hal_pwr_ex.o
LOAD ./Drivers/STM32WLxx_HAL_Driver/stm32wlxx_hal_rcc.o
LOAD ./Drivers/STM32WLxx_HAL_Driver/stm32wlxx_hal_rcc_ex.o
LOAD ./Drivers/STM32WLxx_HAL_Driver/stm32wlxx_hal_rtc.o
LOAD ./Drivers/STM32WLxx_HAL_Driver/stm32wlxx_hal_rtc_ex.o
LOAD ./Drivers/STM32WLxx_HAL_Driver/stm32wlxx_hal_subghz.o
LOAD ./Drivers/STM32WLxx_HAL_Driver/stm32wlxx_hal_tim.o
LOAD ./Drivers/STM32WLxx_HAL_Driver/stm32wlxx_hal_tim_ex.o
LOAD ./Drivers/STM32WLxx_HAL_Driver/stm32wlxx_hal_uart.o
LOAD ./Drivers/STM32WLxx_HAL_Driver/stm32wlxx_hal_uart_ex.o
LOAD ./Drivers/STM32WLxx_HAL_Driver/stm32wlxx_ll_adc.o
LOAD ./Middlewares/LoRaWAN/LmHandler.o
LOAD ./Middlewares/LoRaWAN/LmhpCompliance.o
LOAD ./Middlewares/LoRaWAN/LmhpPackagesRegistration.o
LOAD ./Middlewares/LoRaWAN/LoRaMac.o
LOAD ./Middlewares/LoRaWAN/LoRaMacAdr.o
LOAD ./Middlewares/LoRaWAN/LoRaMacClassB.o
LOAD ./Middlewares/LoRaWAN/LoRaMacCommands.o
LOAD ./Middlewares/LoRaWAN/LoRaMacConfirmQueue.o
LOAD ./Middlewares/LoRaWAN/LoRaMacCrypto.o
LOAD ./Middlewares/LoRaWAN/LoRaMacParser.o
LOAD ./Middlewares/LoRaWAN/LoRaMacSerializer.o
LOAD ./Middlewares/LoRaWAN/NvmDataMgmt.o
LOAD ./Middlewares/LoRaWAN/Region.o
LOAD ./Middlewares/LoRaWAN/RegionAS923.o
LOAD ./Middlewares/LoRaWAN/RegionAU915.o
LOAD ./Middlewares/LoRaWAN/RegionBaseUS.o
LOAD ./Middlewares/LoRaWAN/RegionCN470.o
LOAD ./Middlewares/LoRaWAN/RegionCN470A20.o
LOAD ./Middlewares/LoRaWAN/RegionCN470A26.o
LOAD ./Middlewares/LoRaWAN/RegionCN470B20.o
LOAD ./Middlewares/LoRaWAN/RegionCN470B26.o
LOAD ./Middlewares/LoRaWAN/RegionCN779.o
LOAD ./Middlewares/LoRaWAN/RegionCommon.o
LOAD ./Middlewares/LoRaWAN/RegionEU433.o
LOAD ./Middlewares/LoRaWAN/RegionEU868.o
LOAD ./Middlewares/LoRaWAN/RegionIN865.o
LOAD ./Middlewares/LoRaWAN/RegionKR920.o
LOAD ./Middlewares/LoRaWAN/RegionRU864.o
LOAD ./Middlewares/LoRaWAN/RegionUS915.o
LOAD ./Middlewares/LoRaWAN/cmac.o
LOAD ./Middlewares/LoRaWAN/lorawan_aes.o
LOAD ./Middlewares/LoRaWAN/soft-se.o
LOAD ./Middlewares/LoRaWAN/utilities.o
LOAD ./Middlewares/SubGHz_Phy/radio.o
LOAD ./Middlewares/SubGHz_Phy/radio_driver.o
LOAD ./Middlewares/SubGHz_Phy/radio_fw.o
LOAD ./Utilities/stm32_adv_trace.o
LOAD ./Utilities/stm32_lpm.o
LOAD ./Utilities/stm32_mem.o
LOAD ./Utilities/stm32_seq.o
LOAD ./Utilities/stm32_systime.o
LOAD ./Utilities/stm32_timer.o
LOAD ./Utilities/stm32_tiny_sscanf.o
LOAD ./Utilities/stm32_tiny_vsnprintf.o
START GROUP
LOAD C:/ST/STM32CubeIDE_1.17.0/STM32CubeIDE/plugins/com.st.stm32cube.ide.mcu.externaltools.gnu-tools-for-stm32.12.3.rel1.win32_1.1.0.202410251130/tools/bin/../lib/gcc/arm-none-eabi/12.3.1/../../../../arm-none-eabi/lib/thumb/v7e-m/nofp\libc_nano.a
LOAD C:/ST/STM32CubeIDE_1.17.0/STM32CubeIDE/plugins/com.st.stm32cube.ide.mcu.externaltools.gnu-tools-for-stm32.12.3.rel1.win32_1.1.0.202410251130/tools/bin/../lib/gcc/arm-none-eabi/12.3.1/../../../../arm-none-eabi/lib/thumb/v7e-m/nofp\libm.a
END GROUP
START GROUP
LOAD C:/ST/STM32CubeIDE_1.17.0/STM32CubeIDE/plugins/com.st.stm32cube.ide.mcu.externaltools.gnu-tools-for-stm32.12.3.rel1.win32_1.1.0.202410251130/tools/bin/../lib/gcc/arm-none-eabi/12.3.1/thumb/v7e-m/nofp\libgcc.a
LOAD C:/ST/STM32CubeIDE_1.17.0/STM32CubeIDE/plugins/com.st.stm32cube.ide.mcu.externaltools.gnu-tools-for-stm32.12.3.rel1.win32_1.1.0.202410251130/tools/bin/../lib/gcc/arm-none-eabi/12.3.1/../../../../arm-none-eabi/lib/thumb/v7e-m/nofp\libc_nano.a
END GROUP
START GROUP
LOAD C:/ST/STM32CubeIDE_1.17.0/STM32CubeIDE/plugins/com.st.stm32cube.ide.mcu.externaltools.gnu-tools-for-stm32.12.3.rel1.win32_1.1.0.202410251130/tools/bin/../lib/gcc/arm-none-eabi/12.3.1/thumb/v7e-m/nofp\libgcc.a
LOAD C:/ST/STM32CubeIDE_1.17.0/STM32CubeIDE/plugins/com.st.stm32cube.ide.mcu.externaltools.gnu-tools-for-stm32.12.3.rel1.win32_1.1.0.202410251130/tools/bin/../lib/gcc/arm-none-eabi/12.3.1/../../../../arm-none-eabi/lib/thumb/v7e-m/nofp\libc_nano.a
LOAD C:/ST/STM32CubeIDE_1.17.0/STM32CubeIDE/plugins/com.st.stm32cube.ide.mcu.externaltools.gnu-tools-for-stm32.12.3.rel1.win32_1.1.0.202410251130/tools/bin/../lib/gcc/arm-none-eabi/12.3.1/../../../../arm-none-eabi/lib/thumb/v7e-m/nofp\libnosys.a
END GROUP
START GROUP
LOAD C:/ST/STM32CubeIDE_1.17.0/STM32CubeIDE/plugins/com.st.stm32cube.ide.mcu.externaltools.gnu-tools-for-stm32.12.3.rel1.win32_1.1.0.202410251130/tools/bin/../lib/gcc/arm-none-eabi/12.3.1/thumb/v7e-m/nofp\libgcc.a
LOAD C:/ST/STM32CubeIDE_1.17.0/STM32CubeIDE/plugins/com.st.stm32cube.ide.mcu.externaltools.gnu-tools-for-stm32.12.3.rel1.win32_1.1.0.202410251130/tools/bin/../lib/gcc/arm-none-eabi/12.3.1/../../../../arm-none-eabi/lib/thumb/v7e-m/nofp\libc_nano.a
LOAD C:/ST/STM32CubeIDE_1.17.0/STM32CubeIDE/plugins/com.st.stm32cube.ide.mcu.externaltools.gnu-tools-for-stm32.12.3.rel1.win32_1.1.0.202410251130/tools/bin/../lib/gcc/arm-none-eabi/12.3.1/../../../../arm-none-eabi/lib/thumb/v7e-m/nofp\libnosys.a
END GROUP
LOAD C:/ST/STM32CubeIDE_1.17.0/STM32CubeIDE/plugins/com.st.stm32cube.ide.mcu.externaltools.gnu-tools-for-stm32.12.3.rel1.win32_1.1.0.202410251130/tools/bin/../lib/gcc/arm-none-eabi/12.3.1/thumb/v7e-m/nofp/crtend.o
LOAD C:/ST/STM32CubeIDE_1.17.0/STM32CubeIDE/plugins/com.st.stm32cube.ide.mcu.externaltools.gnu-tools-for-stm32.12.3.rel1.win32_1.1.0.202410251130/tools/bin/../lib/gcc/arm-none-eabi/12.3.1/thumb/v7e-m/nofp/crtn.o
                0x20008000                        _estack = (ORIGIN (RAM1) + LENGTH (RAM1))
                0x00000200                        _Min_Heap_Size = 0x200
                0x00000800                        _Min_Stack_Size = 0x800

.isr_vector     0x08000000      0x138
                0x08000000                        . = ALIGN (0x8)
 *(.isr_vector)
 .isr_vector    0x08000000      0x138 ./Application/User/Startup/startup_stm32wl55jcix.o
                0x08000000                g_pfnVectors
                0x08000138                        . = ALIGN (0x8)

.text           0x08000138     0xf7b0
                0x08000138                        . = ALIGN (0x8)
 *(.text)
 .text          0x08000138       0x40 C:/ST/STM32CubeIDE_1.17.0/STM32CubeIDE/plugins/com.st.stm32cube.ide.mcu.externaltools.gnu-tools-for-stm32.12.3.rel1.win32_1.1.0.202410251130/tools/bin/../lib/gcc/arm-none-eabi/12.3.1/thumb/v7e-m/nofp/crtbegin.o
 .text          0x08000178       0x10 C:/ST/STM32CubeIDE_1.17.0/STM32CubeIDE/plugins/com.st.stm32cube.ide.mcu.externaltools.gnu-tools-for-stm32.12.3.rel1.win32_1.1.0.202410251130/tools/bin/../lib/gcc/arm-none-eabi/12.3.1/../../../../arm-none-eabi/lib/thumb/v7e-m/nofp\libc_nano.a(libc_a-strlen.o)
                0x08000178                strlen
 .text          0x08000188      0x378 C:/ST/STM32CubeIDE_1.17.0/STM32CubeIDE/plugins/com.st.stm32cube.ide.mcu.externaltools.gnu-tools-for-stm32.12.3.rel1.win32_1.1.0.202410251130/tools/bin/../lib/gcc/arm-none-eabi/12.3.1/thumb/v7e-m/nofp\libgcc.a(_arm_addsubdf3.o)
                0x08000188                __aeabi_drsub
                0x08000190                __aeabi_dsub
                0x08000190                __subdf3
                0x08000194                __aeabi_dadd
                0x08000194                __adddf3
                0x0800040c                __floatunsidf
                0x0800040c                __aeabi_ui2d
                0x0800042c                __floatsidf
                0x0800042c                __aeabi_i2d
                0x08000450                __aeabi_f2d
                0x08000450                __extendsfdf2
                0x08000494                __floatundidf
                0x08000494                __aeabi_ul2d
                0x080004a4                __floatdidf
                0x080004a4                __aeabi_l2d
 .text          0x08000500      0x110 C:/ST/STM32CubeIDE_1.17.0/STM32CubeIDE/plugins/com.st.stm32cube.ide.mcu.externaltools.gnu-tools-for-stm32.12.3.rel1.win32_1.1.0.202410251130/tools/bin/../lib/gcc/arm-none-eabi/12.3.1/thumb/v7e-m/nofp\libgcc.a(_arm_cmpdf2.o)
                0x08000500                __gtdf2
                0x08000500                __gedf2
                0x08000508                __ltdf2
                0x08000508                __ledf2
                0x08000510                __nedf2
                0x08000510                __eqdf2
                0x08000510                __cmpdf2
                0x0800058c                __aeabi_cdrcmple
                0x0800059c                __aeabi_cdcmpeq
                0x0800059c                __aeabi_cdcmple
                0x080005ac                __aeabi_dcmpeq
                0x080005c0                __aeabi_dcmplt
                0x080005d4                __aeabi_dcmple
                0x080005e8                __aeabi_dcmpge
                0x080005fc                __aeabi_dcmpgt
 .text          0x08000610       0x50 C:/ST/STM32CubeIDE_1.17.0/STM32CubeIDE/plugins/com.st.stm32cube.ide.mcu.externaltools.gnu-tools-for-stm32.12.3.rel1.win32_1.1.0.202410251130/tools/bin/../lib/gcc/arm-none-eabi/12.3.1/thumb/v7e-m/nofp\libgcc.a(_arm_fixdfsi.o)
                0x08000610                __aeabi_d2iz
                0x08000610                __fixdfsi
 .text          0x08000660      0x21c C:/ST/STM32CubeIDE_1.17.0/STM32CubeIDE/plugins/com.st.stm32cube.ide.mcu.externaltools.gnu-tools-for-stm32.12.3.rel1.win32_1.1.0.202410251130/tools/bin/../lib/gcc/arm-none-eabi/12.3.1/thumb/v7e-m/nofp\libgcc.a(_arm_addsubsf3.o)
                0x08000660                __aeabi_frsub
                0x08000668                __subsf3
                0x08000668                __aeabi_fsub
                0x0800066c                __aeabi_fadd
                0x0800066c                __addsf3
                0x080007cc                __aeabi_ui2f
                0x080007cc                __floatunsisf
                0x080007d4                __aeabi_i2f
                0x080007d4                __floatsisf
                0x080007f0                __aeabi_ul2f
                0x080007f0                __floatundisf
                0x08000800                __aeabi_l2f
                0x08000800                __floatdisf
 .text          0x0800087c      0x2a0 C:/ST/STM32CubeIDE_1.17.0/STM32CubeIDE/plugins/com.st.stm32cube.ide.mcu.externaltools.gnu-tools-for-stm32.12.3.rel1.win32_1.1.0.202410251130/tools/bin/../lib/gcc/arm-none-eabi/12.3.1/thumb/v7e-m/nofp\libgcc.a(_arm_muldivsf3.o)
                0x0800087c                __mulsf3
                0x0800087c                __aeabi_fmul
                0x080009e4                __aeabi_fdiv
                0x080009e4                __divsf3
 .text          0x08000b1c       0x4c C:/ST/STM32CubeIDE_1.17.0/STM32CubeIDE/plugins/com.st.stm32cube.ide.mcu.externaltools.gnu-tools-for-stm32.12.3.rel1.win32_1.1.0.202410251130/tools/bin/../lib/gcc/arm-none-eabi/12.3.1/thumb/v7e-m/nofp\libgcc.a(_arm_fixsfsi.o)
                0x08000b1c                __aeabi_f2iz
                0x08000b1c                __fixsfsi
 .text          0x08000b68       0x40 C:/ST/STM32CubeIDE_1.17.0/STM32CubeIDE/plugins/com.st.stm32cube.ide.mcu.externaltools.gnu-tools-for-stm32.12.3.rel1.win32_1.1.0.202410251130/tools/bin/../lib/gcc/arm-none-eabi/12.3.1/thumb/v7e-m/nofp\libgcc.a(_arm_fixunssfsi.o)
                0x08000b68                __fixunssfsi
                0x08000b68                __aeabi_f2uiz
 .text          0x08000ba8       0x30 C:/ST/STM32CubeIDE_1.17.0/STM32CubeIDE/plugins/com.st.stm32cube.ide.mcu.externaltools.gnu-tools-for-stm32.12.3.rel1.win32_1.1.0.202410251130/tools/bin/../lib/gcc/arm-none-eabi/12.3.1/thumb/v7e-m/nofp\libgcc.a(_aeabi_uldivmod.o)
                0x08000ba8                __aeabi_uldivmod
 .text          0x08000bd8      0x2bc C:/ST/STM32CubeIDE_1.17.0/STM32CubeIDE/plugins/com.st.stm32cube.ide.mcu.externaltools.gnu-tools-for-stm32.12.3.rel1.win32_1.1.0.202410251130/tools/bin/../lib/gcc/arm-none-eabi/12.3.1/thumb/v7e-m/nofp\libgcc.a(_udivmoddi4.o)
                0x08000bd8                __udivmoddi4
 .text          0x08000e94        0x4 C:/ST/STM32CubeIDE_1.17.0/STM32CubeIDE/plugins/com.st.stm32cube.ide.mcu.externaltools.gnu-tools-for-stm32.12.3.rel1.win32_1.1.0.202410251130/tools/bin/../lib/gcc/arm-none-eabi/12.3.1/thumb/v7e-m/nofp\libgcc.a(_dvmd_tls.o)
                0x08000e94                __aeabi_idiv0
                0x08000e94                __aeabi_ldiv0
 *(.text*)
 .text.MX_ADC_Init
                0x08000e98       0x58 ./Application/User/Core/adc.o
                0x08000e98                MX_ADC_Init
 .text.HAL_ADC_MspInit
                0x08000ef0       0x28 ./Application/User/Core/adc.o
                0x08000ef0                HAL_ADC_MspInit
 .text.HAL_ADC_MspDeInit
                0x08000f18       0x1c ./Application/User/Core/adc.o
                0x08000f18                HAL_ADC_MspDeInit
 .text.ADC_ReadChannels
                0x08000f34       0x68 ./Application/User/Core/adc_if.o
 .text.SYS_InitMeasurement
                0x08000f9c       0x10 ./Application/User/Core/adc_if.o
                0x08000f9c                SYS_InitMeasurement
 .text.SYS_GetBatteryLevel
                0x08000fac       0x34 ./Application/User/Core/adc_if.o
                0x08000fac                SYS_GetBatteryLevel
 .text.SYS_GetTemperatureLevel
                0x08000fe0       0x7c ./Application/User/Core/adc_if.o
                0x08000fe0                SYS_GetTemperatureLevel
 .text.MX_DMA_Init
                0x0800105c       0x40 ./Application/User/Core/dma.o
                0x0800105c                MX_DMA_Init
 .text.FLASH_IF_INT_Clear_Error
                0x0800109c       0x2c ./Application/User/Core/flash_if.o
 .text.FLASH_IF_INT_Erase
                0x080010c8       0x90 ./Application/User/Core/flash_if.o
 .text.FLASH_IF_Init
                0x08001158        0xc ./Application/User/Core/flash_if.o
                0x08001158                FLASH_IF_Init
 .text.FLASH_IF_Write
                0x08001164      0x1b4 ./Application/User/Core/flash_if.o
                0x08001164                FLASH_IF_Write
 .text.FLASH_IF_Read
                0x08001318       0x40 ./Application/User/Core/flash_if.o
                0x08001318                FLASH_IF_Read
 .text.FLASH_IF_Erase
                0x08001358       0x34 ./Application/User/Core/flash_if.o
                0x08001358                FLASH_IF_Erase
 .text.LL_AHB2_GRP1_EnableClock
                0x0800138c       0x18 ./Application/User/Core/gpio.o
 .text.MX_GPIO_Init
                0x080013a4       0xc4 ./Application/User/Core/gpio.o
                0x080013a4                MX_GPIO_Init
 .text.SystemClock_Config
                0x08001468       0x8c ./Application/User/Core/main.o
                0x08001468                SystemClock_Config
 .text.startup.main
                0x080014f4       0x18 ./Application/User/Core/main.o
                0x080014f4                main
 .text.Error_Handler
                0x0800150c        0x4 ./Application/User/Core/main.o
                0x0800150c                Error_Handler
 .text.MX_RTC_Init
                0x08001510       0x74 ./Application/User/Core/rtc.o
                0x08001510                MX_RTC_Init
 .text.HAL_RTC_MspInit
                0x08001584       0x7c ./Application/User/Core/rtc.o
                0x08001584                HAL_RTC_MspInit
 .text.PWR_EnterOffMode
                0x08001600        0x2 ./Application/User/Core/stm32_lpm_if.o
                0x08001600                PWR_EnterOffMode
 *fill*         0x08001602        0x2 
 .text.PWR_EnterStopMode
                0x08001604       0x1c ./Application/User/Core/stm32_lpm_if.o
                0x08001604                PWR_EnterStopMode
 .text.PWR_ExitSleepMode
                0x08001620        0x4 ./Application/User/Core/stm32_lpm_if.o
                0x08001620                PWR_ExitSleepMode
 .text.PWR_ExitStopMode
                0x08001624        0xe ./Application/User/Core/stm32_lpm_if.o
                0x08001624                PWR_ExitStopMode
 .text.PWR_EnterSleepMode
                0x08001632       0x12 ./Application/User/Core/stm32_lpm_if.o
                0x08001632                PWR_EnterSleepMode
 .text.PWR_ExitOffMode
                0x08001644        0x2 ./Application/User/Core/stm32_lpm_if.o
                0x08001644                PWR_ExitOffMode
 .text.HAL_MspInit
                0x08001646        0x2 ./Application/User/Core/stm32wlxx_hal_msp.o
                0x08001646                HAL_MspInit
 .text.NMI_Handler
                0x08001648        0x2 ./Application/User/Core/stm32wlxx_it.o
                0x08001648                NMI_Handler
 .text.HardFault_Handler
                0x0800164a        0x2 ./Application/User/Core/stm32wlxx_it.o
                0x0800164a                HardFault_Handler
 .text.MemManage_Handler
                0x0800164c        0x2 ./Application/User/Core/stm32wlxx_it.o
                0x0800164c                MemManage_Handler
 .text.BusFault_Handler
                0x0800164e        0x2 ./Application/User/Core/stm32wlxx_it.o
                0x0800164e                BusFault_Handler
 .text.UsageFault_Handler
                0x08001650        0x2 ./Application/User/Core/stm32wlxx_it.o
                0x08001650                UsageFault_Handler
 .text.SVC_Handler
                0x08001652        0x2 ./Application/User/Core/stm32wlxx_it.o
                0x08001652                SVC_Handler
 .text.DebugMon_Handler
                0x08001654        0x2 ./Application/User/Core/stm32wlxx_it.o
                0x08001654                DebugMon_Handler
 .text.PendSV_Handler
                0x08001656        0x2 ./Application/User/Core/stm32wlxx_it.o
                0x08001656                PendSV_Handler
 .text.SysTick_Handler
                0x08001658        0x2 ./Application/User/Core/stm32wlxx_it.o
                0x08001658                SysTick_Handler
 *fill*         0x0800165a        0x2 
 .text.TAMP_STAMP_LSECSS_SSRU_IRQHandler
                0x0800165c        0xc ./Application/User/Core/stm32wlxx_it.o
                0x0800165c                TAMP_STAMP_LSECSS_SSRU_IRQHandler
 .text.EXTI0_IRQHandler
                0x08001668        0x6 ./Application/User/Core/stm32wlxx_it.o
                0x08001668                EXTI0_IRQHandler
 .text.EXTI1_IRQHandler
                0x0800166e        0x6 ./Application/User/Core/stm32wlxx_it.o
                0x0800166e                EXTI1_IRQHandler
 .text.DMA1_Channel5_IRQHandler
                0x08001674        0xc ./Application/User/Core/stm32wlxx_it.o
                0x08001674                DMA1_Channel5_IRQHandler
 .text.EXTI9_5_IRQHandler
                0x08001680        0x6 ./Application/User/Core/stm32wlxx_it.o
                0x08001680                EXTI9_5_IRQHandler
 *fill*         0x08001686        0x2 
 .text.USART2_IRQHandler
                0x08001688        0xc ./Application/User/Core/stm32wlxx_it.o
                0x08001688                USART2_IRQHandler
 .text.RTC_Alarm_IRQHandler
                0x08001694        0xc ./Application/User/Core/stm32wlxx_it.o
                0x08001694                RTC_Alarm_IRQHandler
 .text.SUBGHZ_Radio_IRQHandler
                0x080016a0        0xc ./Application/User/Core/stm32wlxx_it.o
                0x080016a0                SUBGHZ_Radio_IRQHandler
 .text.MX_SUBGHZ_Init
                0x080016ac       0x1c ./Application/User/Core/subghz.o
                0x080016ac                MX_SUBGHZ_Init
 .text.HAL_SUBGHZ_MspInit
                0x080016c8       0x2e ./Application/User/Core/subghz.o
                0x080016c8                HAL_SUBGHZ_MspInit
 *fill*         0x080016f6        0x2 
 .text.tiny_snprintf_like.constprop.0
                0x080016f8       0x20 ./Application/User/Core/sys_app.o
 .text.TimestampNow
                0x08001718       0x30 ./Application/User/Core/sys_app.o
 .text.SystemApp_Init
                0x08001748       0x58 ./Application/User/Core/sys_app.o
                0x08001748                SystemApp_Init
 .text.UTIL_SEQ_Idle
                0x080017a0        0x4 ./Application/User/Core/sys_app.o
                0x080017a0                UTIL_SEQ_Idle
 .text.GetBatteryLevel
                0x080017a4       0x30 ./Application/User/Core/sys_app.o
                0x080017a4                GetBatteryLevel
 .text.GetTemperatureLevel
                0x080017d4       0x16 ./Application/User/Core/sys_app.o
                0x080017d4                GetTemperatureLevel
 *fill*         0x080017ea        0x2 
 .text.GetUniqueId
                0x080017ec       0x6c ./Application/User/Core/sys_app.o
                0x080017ec                GetUniqueId
 .text.GetDevAddr
                0x08001858       0x2c ./Application/User/Core/sys_app.o
                0x08001858                GetDevAddr
 .text.UTIL_ADV_TRACE_PreSendHook
                0x08001884        0x8 ./Application/User/Core/sys_app.o
                0x08001884                UTIL_ADV_TRACE_PreSendHook
 .text.UTIL_ADV_TRACE_PostSendHook
                0x0800188c        0x8 ./Application/User/Core/sys_app.o
                0x0800188c                UTIL_ADV_TRACE_PostSendHook
 .text.HAL_InitTick
                0x08001894        0x4 ./Application/User/Core/sys_app.o
                0x08001894                HAL_InitTick
 .text.HAL_GetTick
                0x08001898       0x10 ./Application/User/Core/sys_app.o
                0x08001898                HAL_GetTick
 .text.HAL_Delay
                0x080018a8        0xc ./Application/User/Core/sys_app.o
                0x080018a8                HAL_Delay
 .text.DBG_Init
                0x080018b4       0x94 ./Application/User/Core/sys_debug.o
                0x080018b4                DBG_Init
 .text.EnvSensors_Read
                0x08001948       0x38 ./Application/User/Core/sys_sensors.o
                0x08001948                EnvSensors_Read
 .text.EnvSensors_Init
                0x08001980        0x4 ./Application/User/Core/sys_sensors.o
                0x08001980                EnvSensors_Init
 .text.TIMER_IF_GetTimerContext
                0x08001984        0xc ./Application/User/Core/timer_if.o
                0x08001984                TIMER_IF_GetTimerContext
 .text.TIMER_IF_GetMinimumTimeout
                0x08001990        0x4 ./Application/User/Core/timer_if.o
                0x08001990                TIMER_IF_GetMinimumTimeout
 .text.TIMER_IF_Convert_ms2Tick
                0x08001994       0x14 ./Application/User/Core/timer_if.o
                0x08001994                TIMER_IF_Convert_ms2Tick
 .text.TIMER_IF_Convert_Tick2ms
                0x080019a8       0x10 ./Application/User/Core/timer_if.o
                0x080019a8                TIMER_IF_Convert_Tick2ms
 .text.GetTimerTicks
                0x080019b8       0x14 ./Application/User/Core/timer_if.o
 .text.TIMER_IF_SetTimerContext
                0x080019cc       0x10 ./Application/User/Core/timer_if.o
                0x080019cc                TIMER_IF_SetTimerContext
 .text.TIMER_IF_GetTimerElapsedTime
                0x080019dc       0x14 ./Application/User/Core/timer_if.o
                0x080019dc                TIMER_IF_GetTimerElapsedTime
 .text.TIMER_IF_GetTimerValue
                0x080019f0       0x10 ./Application/User/Core/timer_if.o
                0x080019f0                TIMER_IF_GetTimerValue
 .text.TIMER_IF_StopTimer
                0x08001a00       0x28 ./Application/User/Core/timer_if.o
                0x08001a00                TIMER_IF_StopTimer
 .text.TIMER_IF_BkUp_Write_Seconds
                0x08001a28       0x10 ./Application/User/Core/timer_if.o
                0x08001a28                TIMER_IF_BkUp_Write_Seconds
 .text.TIMER_IF_BkUp_Write_SubSeconds
                0x08001a38       0x10 ./Application/User/Core/timer_if.o
                0x08001a38                TIMER_IF_BkUp_Write_SubSeconds
 .text.TIMER_IF_StartTimer
                0x08001a48       0x50 ./Application/User/Core/timer_if.o
                0x08001a48                TIMER_IF_StartTimer
 .text.TIMER_IF_GetTime
                0x08001a98       0x30 ./Application/User/Core/timer_if.o
                0x08001a98                TIMER_IF_GetTime
 .text.TIMER_IF_BkUp_Read_Seconds
                0x08001ac8        0xc ./Application/User/Core/timer_if.o
                0x08001ac8                TIMER_IF_BkUp_Read_Seconds
 .text.TIMER_IF_BkUp_Read_SubSeconds
                0x08001ad4        0xc ./Application/User/Core/timer_if.o
                0x08001ad4                TIMER_IF_BkUp_Read_SubSeconds
 .text.TIMER_IF_Init
                0x08001ae0       0x48 ./Application/User/Core/timer_if.o
                0x08001ae0                TIMER_IF_Init
 .text.TIMER_IF_DelayMs
                0x08001b28       0x2a ./Application/User/Core/timer_if.o
                0x08001b28                TIMER_IF_DelayMs
 .text.HAL_RTC_AlarmAEventCallback
                0x08001b52        0x4 ./Application/User/Core/timer_if.o
                0x08001b52                HAL_RTC_AlarmAEventCallback
 *fill*         0x08001b56        0x2 
 .text.HAL_RTCEx_SSRUEventCallback
                0x08001b58       0x20 ./Application/User/Core/timer_if.o
                0x08001b58                HAL_RTCEx_SSRUEventCallback
 .text.MX_USART2_UART_Init
                0x08001b78       0x64 ./Application/User/Core/usart.o
                0x08001b78                MX_USART2_UART_Init
 .text.HAL_UART_MspInit
                0x08001bdc       0xdc ./Application/User/Core/usart.o
                0x08001bdc                HAL_UART_MspInit
 .text.HAL_UART_MspDeInit
                0x08001cb8       0x38 ./Application/User/Core/usart.o
                0x08001cb8                HAL_UART_MspDeInit
 .text.vcom_Trace_DMA
                0x08001cf0       0x14 ./Application/User/Core/usart_if.o
                0x08001cf0                vcom_Trace_DMA
 .text.vcom_ReceiveInit
                0x08001d04       0x54 ./Application/User/Core/usart_if.o
                0x08001d04                vcom_ReceiveInit
 .text.vcom_Init
                0x08001d58       0x28 ./Application/User/Core/usart_if.o
                0x08001d58                vcom_Init
 .text.vcom_DeInit
                0x08001d80       0x2c ./Application/User/Core/usart_if.o
                0x08001d80                vcom_DeInit
 .text.vcom_Resume
                0x08001dac       0x28 ./Application/User/Core/usart_if.o
                0x08001dac                vcom_Resume
 .text.HAL_UART_TxCpltCallback
                0x08001dd4       0x1c ./Application/User/Core/usart_if.o
                0x08001dd4                HAL_UART_TxCpltCallback
 .text.HAL_UART_RxCpltCallback
                0x08001df0       0x3c ./Application/User/Core/usart_if.o
                0x08001df0                HAL_UART_RxCpltCallback
 .text.MX_LoRaWAN_Init
                0x08001e2c        0xe ./Application/User/LoRaWAN/App/app_lorawan.o
                0x08001e2c                MX_LoRaWAN_Init
 .text.MX_LoRaWAN_Process
                0x08001e3a        0x8 ./Application/User/LoRaWAN/App/app_lorawan.o
                0x08001e3a                MX_LoRaWAN_Process
 .text.OnSysTimeUpdate
                0x08001e42        0x2 ./Application/User/LoRaWAN/App/lora_app.o
 .text.OnTxFrameCtrlChanged
                0x08001e44        0xc ./Application/User/LoRaWAN/App/lora_app.o
 .text.OnPingSlotPeriodicityChanged
                0x08001e50        0xc ./Application/User/LoRaWAN/App/lora_app.o
 .text.OnClassChange
                0x08001e5c       0x24 ./Application/User/LoRaWAN/App/lora_app.o
 .text.OnTxTimerEvent
                0x08001e80       0x18 ./Application/User/LoRaWAN/App/lora_app.o
 .text.OnMacProcessNotify
                0x08001e98        0x8 ./Application/User/LoRaWAN/App/lora_app.o
 .text.OnTxPeriodicityChanged
                0x08001ea0       0x30 ./Application/User/LoRaWAN/App/lora_app.o
 .text.OnJoinRequest
                0x08001ed0       0x7c ./Application/User/LoRaWAN/App/lora_app.o
 .text.OnStopJoinTimerEvent
                0x08001f4c       0x44 ./Application/User/LoRaWAN/App/lora_app.o
 .text.OnRxTimerLedEvent
                0x08001f90       0x10 ./Application/User/LoRaWAN/App/lora_app.o
 .text.OnTxTimerLedEvent
                0x08001fa0       0x10 ./Application/User/LoRaWAN/App/lora_app.o
 .text.OnRestoreContextRequest
                0x08001fb0        0xc ./Application/User/LoRaWAN/App/lora_app.o
 .text.StopJoin
                0x08001fbc       0xa0 ./Application/User/LoRaWAN/App/lora_app.o
 .text.SendTxData
                0x0800205c      0x19c ./Application/User/LoRaWAN/App/lora_app.o
 .text.OnJoinTimerLedEvent
                0x080021f8       0x10 ./Application/User/LoRaWAN/App/lora_app.o
 .text.OnBeaconStatusChange
                0x08002208       0x7c ./Application/User/LoRaWAN/App/lora_app.o
 .text.OnNvmDataChange
                0x08002284       0x1c ./Application/User/LoRaWAN/App/lora_app.o
 .text.OnSystemReset
                0x080022a0       0x34 ./Application/User/LoRaWAN/App/lora_app.o
 .text.OnTxData
                0x080022d4       0xb4 ./Application/User/LoRaWAN/App/lora_app.o
 .text.OnRxData
                0x08002388       0xdc ./Application/User/LoRaWAN/App/lora_app.o
 .text.OnStoreContextRequest
                0x08002464       0x28 ./Application/User/LoRaWAN/App/lora_app.o
 .text.StoreContext
                0x0800248c       0x30 ./Application/User/LoRaWAN/App/lora_app.o
 .text.LoRaWAN_Init
                0x080024bc      0x1a8 ./Application/User/LoRaWAN/App/lora_app.o
                0x080024bc                LoRaWAN_Init
 .text.HAL_GPIO_EXTI_Callback
                0x08002664       0x18 ./Application/User/LoRaWAN/App/lora_app.o
                0x08002664                HAL_GPIO_EXTI_Callback
 .text.LoraInfo_Init
                0x0800267c       0x18 ./Application/User/LoRaWAN/App/lora_info.o
                0x0800267c                LoraInfo_Init
 .text.LoraInfo_GetPtr
                0x08002694        0x8 ./Application/User/LoRaWAN/App/lora_info.o
                0x08002694                LoraInfo_GetPtr
 .text.RBI_Init
                0x0800269c        0x4 ./Application/User/LoRaWAN/Target/radio_board_if.o
                0x0800269c                RBI_Init
 .text.RBI_ConfigRFSwitch
                0x080026a0        0x4 ./Application/User/LoRaWAN/Target/radio_board_if.o
                0x080026a0                RBI_ConfigRFSwitch
 .text.RBI_GetTxConfig
                0x080026a4        0x4 ./Application/User/LoRaWAN/Target/radio_board_if.o
                0x080026a4                RBI_GetTxConfig
 .text.RBI_IsTCXO
                0x080026a8        0x4 ./Application/User/LoRaWAN/Target/radio_board_if.o
                0x080026a8                RBI_IsTCXO
 .text.RBI_IsDCDC
                0x080026ac        0x4 ./Application/User/LoRaWAN/Target/radio_board_if.o
                0x080026ac                RBI_IsDCDC
 .text.RBI_GetRFOMaxPowerConfig
                0x080026b0        0x4 ./Application/User/LoRaWAN/Target/radio_board_if.o
                0x080026b0                RBI_GetRFOMaxPowerConfig
 .text.Reset_Handler
                0x080026b4       0x50 ./Application/User/Startup/startup_stm32wl55jcix.o
                0x080026b4                Reset_Handler
 .text.Default_Handler
                0x08002704        0x2 ./Application/User/Startup/startup_stm32wl55jcix.o
                0x08002704                EXTI2_IRQHandler
                0x08002704                TIM1_CC_IRQHandler
                0x08002704                EXTI3_IRQHandler
                0x08002704                LPTIM2_IRQHandler
                0x08002704                I2C3_ER_IRQHandler
                0x08002704                LPTIM3_IRQHandler
                0x08002704                I2C2_EV_IRQHandler
                0x08002704                SPI1_IRQHandler
                0x08002704                DMA2_Channel2_IRQHandler
                0x08002704                DMA1_Channel4_IRQHandler
                0x08002704                PKA_IRQHandler
                0x08002704                TIM17_IRQHandler
                0x08002704                DMA1_Channel7_IRQHandler
                0x08002704                SUBGHZSPI_IRQHandler
                0x08002704                IPCC_C1_TX_IRQHandler
                0x08002704                DMA2_Channel1_IRQHandler
                0x08002704                I2C1_EV_IRQHandler
                0x08002704                DMAMUX1_OVR_IRQHandler
                0x08002704                DMA1_Channel6_IRQHandler
                0x08002704                TIM16_IRQHandler
                0x08002704                DMA2_Channel4_IRQHandler
                0x08002704                RCC_IRQHandler
                0x08002704                TIM1_TRG_COM_IRQHandler
                0x08002704                DMA1_Channel1_IRQHandler
                0x08002704                Default_Handler
                0x08002704                DMA2_Channel7_IRQHandler
                0x08002704                EXTI15_10_IRQHandler
                0x08002704                IPCC_C1_RX_IRQHandler
                0x08002704                ADC_IRQHandler
                0x08002704                C2SEV_PWR_C2H_IRQHandler
                0x08002704                I2C3_EV_IRQHandler
                0x08002704                RTC_WKUP_IRQHandler
                0x08002704                PVD_PVM_IRQHandler
                0x08002704                SPI2_IRQHandler
                0x08002704                DMA2_Channel5_IRQHandler
                0x08002704                EXTI4_IRQHandler
                0x08002704                RNG_IRQHandler
                0x08002704                DMA1_Channel3_IRQHandler
                0x08002704                COMP_IRQHandler
                0x08002704                HSEM_IRQHandler
                0x08002704                TIM1_UP_IRQHandler
                0x08002704                WWDG_IRQHandler
                0x08002704                LPUART1_IRQHandler
                0x08002704                DMA2_Channel6_IRQHandler
                0x08002704                TIM2_IRQHandler
                0x08002704                TIM1_BRK_IRQHandler
                0x08002704                DAC_IRQHandler
                0x08002704                AES_IRQHandler
                0x08002704                I2C2_ER_IRQHandler
                0x08002704                DMA1_Channel2_IRQHandler
                0x08002704                FLASH_IRQHandler
                0x08002704                USART1_IRQHandler
                0x08002704                I2C1_ER_IRQHandler
                0x08002704                LPTIM1_IRQHandler
                0x08002704                DMA2_Channel3_IRQHandler
 *fill*         0x08002706        0x2 
 .text.BSP_RADIO_Init
                0x08002708       0x80 ./Drivers/BSP/STM32WLxx_Nucleo/stm32wlxx_nucleo_radio.o
                0x08002708                BSP_RADIO_Init
 .text.BSP_RADIO_ConfigRFSwitch
                0x08002788       0x68 ./Drivers/BSP/STM32WLxx_Nucleo/stm32wlxx_nucleo_radio.o
                0x08002788                BSP_RADIO_ConfigRFSwitch
 .text.BSP_RADIO_GetTxConfig
                0x080027f0        0x4 ./Drivers/BSP/STM32WLxx_Nucleo/stm32wlxx_nucleo_radio.o
                0x080027f0                BSP_RADIO_GetTxConfig
 .text.BSP_RADIO_IsTCXO
                0x080027f4        0x4 ./Drivers/BSP/STM32WLxx_Nucleo/stm32wlxx_nucleo_radio.o
                0x080027f4                BSP_RADIO_IsTCXO
 .text.BSP_RADIO_IsDCDC
                0x080027f8        0x4 ./Drivers/BSP/STM32WLxx_Nucleo/stm32wlxx_nucleo_radio.o
                0x080027f8                BSP_RADIO_IsDCDC
 .text.BSP_RADIO_GetRFOMaxPowerConfig
                0x080027fc        0xa ./Drivers/BSP/STM32WLxx_Nucleo/stm32wlxx_nucleo_radio.o
                0x080027fc                BSP_RADIO_GetRFOMaxPowerConfig
 .text.SystemInit
                0x08002806        0x2 ./Drivers/CMSIS/system_stm32wlxx.o
                0x08002806                SystemInit
 .text.HAL_Init
                0x08002808       0x2c ./Drivers/STM32WLxx_HAL_Driver/stm32wlxx_hal.o
                0x08002808                HAL_Init
 .text.HAL_SuspendTick
                0x08002834        0xe ./Drivers/STM32WLxx_HAL_Driver/stm32wlxx_hal.o
                0x08002834                HAL_SuspendTick
 .text.HAL_ResumeTick
                0x08002842        0xe ./Drivers/STM32WLxx_HAL_Driver/stm32wlxx_hal.o
                0x08002842                HAL_ResumeTick
 .text.HAL_GetUIDw0
                0x08002850        0xc ./Drivers/STM32WLxx_HAL_Driver/stm32wlxx_hal.o
                0x08002850                HAL_GetUIDw0
 .text.HAL_GetUIDw1
                0x0800285c        0xc ./Drivers/STM32WLxx_HAL_Driver/stm32wlxx_hal.o
                0x0800285c                HAL_GetUIDw1
 .text.HAL_GetUIDw2
                0x08002868        0xc ./Drivers/STM32WLxx_HAL_Driver/stm32wlxx_hal.o
                0x08002868                HAL_GetUIDw2
 .text.HAL_DBGMCU_EnableDBGSleepMode
                0x08002874       0x10 ./Drivers/STM32WLxx_HAL_Driver/stm32wlxx_hal.o
                0x08002874                HAL_DBGMCU_EnableDBGSleepMode
 .text.HAL_DBGMCU_EnableDBGStopMode
                0x08002884       0x10 ./Drivers/STM32WLxx_HAL_Driver/stm32wlxx_hal.o
                0x08002884                HAL_DBGMCU_EnableDBGStopMode
 .text.HAL_DBGMCU_EnableDBGStandbyMode
                0x08002894       0x10 ./Drivers/STM32WLxx_HAL_Driver/stm32wlxx_hal.o
                0x08002894                HAL_DBGMCU_EnableDBGStandbyMode
 .text.LL_ADC_REG_IsConversionOngoing
                0x080028a4        0x8 ./Drivers/STM32WLxx_HAL_Driver/stm32wlxx_hal_adc.o
 .text.HAL_ADC_Init
                0x080028ac      0x200 ./Drivers/STM32WLxx_HAL_Driver/stm32wlxx_hal_adc.o
                0x080028ac                HAL_ADC_Init
 .text.HAL_ADC_PollForConversion
                0x08002aac       0xb4 ./Drivers/STM32WLxx_HAL_Driver/stm32wlxx_hal_adc.o
                0x08002aac                HAL_ADC_PollForConversion
 .text.HAL_ADC_GetValue
                0x08002b60        0x6 ./Drivers/STM32WLxx_HAL_Driver/stm32wlxx_hal_adc.o
                0x08002b60                HAL_ADC_GetValue
 *fill*         0x08002b66        0x2 
 .text.HAL_ADC_ConfigChannel
                0x08002b68      0x1b0 ./Drivers/STM32WLxx_HAL_Driver/stm32wlxx_hal_adc.o
                0x08002b68                HAL_ADC_ConfigChannel
 .text.ADC_ConversionStop
                0x08002d18       0x5c ./Drivers/STM32WLxx_HAL_Driver/stm32wlxx_hal_adc.o
                0x08002d18                ADC_ConversionStop
 .text.ADC_Enable
                0x08002d74       0xb4 ./Drivers/STM32WLxx_HAL_Driver/stm32wlxx_hal_adc.o
                0x08002d74                ADC_Enable
 .text.HAL_ADC_Start
                0x08002e28       0x5c ./Drivers/STM32WLxx_HAL_Driver/stm32wlxx_hal_adc.o
                0x08002e28                HAL_ADC_Start
 .text.ADC_Disable
                0x08002e84       0x68 ./Drivers/STM32WLxx_HAL_Driver/stm32wlxx_hal_adc.o
                0x08002e84                ADC_Disable
 .text.HAL_ADC_DeInit
                0x08002eec       0xac ./Drivers/STM32WLxx_HAL_Driver/stm32wlxx_hal_adc.o
                0x08002eec                HAL_ADC_DeInit
 .text.HAL_ADC_Stop
                0x08002f98       0x3c ./Drivers/STM32WLxx_HAL_Driver/stm32wlxx_hal_adc.o
                0x08002f98                HAL_ADC_Stop
 .text.HAL_ADCEx_Calibration_Start
                0x08002fd4      0x118 ./Drivers/STM32WLxx_HAL_Driver/stm32wlxx_hal_adc_ex.o
                0x08002fd4                HAL_ADCEx_Calibration_Start
 .text.HAL_NVIC_SetPriorityGrouping
                0x080030ec       0x24 ./Drivers/STM32WLxx_HAL_Driver/stm32wlxx_hal_cortex.o
                0x080030ec                HAL_NVIC_SetPriorityGrouping
 .text.HAL_NVIC_SetPriority
                0x08003110       0x64 ./Drivers/STM32WLxx_HAL_Driver/stm32wlxx_hal_cortex.o
                0x08003110                HAL_NVIC_SetPriority
 .text.HAL_NVIC_EnableIRQ
                0x08003174       0x1c ./Drivers/STM32WLxx_HAL_Driver/stm32wlxx_hal_cortex.o
                0x08003174                HAL_NVIC_EnableIRQ
 .text.HAL_NVIC_DisableIRQ
                0x08003190       0x24 ./Drivers/STM32WLxx_HAL_Driver/stm32wlxx_hal_cortex.o
                0x08003190                HAL_NVIC_DisableIRQ
 .text.DMA_SetConfig
                0x080031b4       0x34 ./Drivers/STM32WLxx_HAL_Driver/stm32wlxx_hal_dma.o
 .text.DMA_CalcDMAMUXChannelBaseAndMask
                0x080031e8       0x4c ./Drivers/STM32WLxx_HAL_Driver/stm32wlxx_hal_dma.o
 .text.HAL_DMA_Init
                0x08003234       0xe4 ./Drivers/STM32WLxx_HAL_Driver/stm32wlxx_hal_dma.o
                0x08003234                HAL_DMA_Init
 .text.HAL_DMA_DeInit
                0x08003318       0xac ./Drivers/STM32WLxx_HAL_Driver/stm32wlxx_hal_dma.o
                0x08003318                HAL_DMA_DeInit
 .text.HAL_DMA_Start_IT
                0x080033c4       0x88 ./Drivers/STM32WLxx_HAL_Driver/stm32wlxx_hal_dma.o
                0x080033c4                HAL_DMA_Start_IT
 .text.HAL_DMA_Abort
                0x0800344c       0x6a ./Drivers/STM32WLxx_HAL_Driver/stm32wlxx_hal_dma.o
                0x0800344c                HAL_DMA_Abort
 .text.HAL_DMA_Abort_IT
                0x080034b6       0x6a ./Drivers/STM32WLxx_HAL_Driver/stm32wlxx_hal_dma.o
                0x080034b6                HAL_DMA_Abort_IT
 .text.HAL_DMA_IRQHandler
                0x08003520       0xac ./Drivers/STM32WLxx_HAL_Driver/stm32wlxx_hal_dma.o
                0x08003520                HAL_DMA_IRQHandler
 .text.HAL_DMA_ConfigChannelAttributes
                0x080035cc       0x20 ./Drivers/STM32WLxx_HAL_Driver/stm32wlxx_hal_dma.o
                0x080035cc                HAL_DMA_ConfigChannelAttributes
 .text.FLASH_Program_Fast
                0x080035ec       0x30 ./Drivers/STM32WLxx_HAL_Driver/stm32wlxx_hal_flash.o
 .text.HAL_FLASH_Unlock
                0x0800361c       0x24 ./Drivers/STM32WLxx_HAL_Driver/stm32wlxx_hal_flash.o
                0x0800361c                HAL_FLASH_Unlock
 .text.HAL_FLASH_Lock
                0x08003640       0x18 ./Drivers/STM32WLxx_HAL_Driver/stm32wlxx_hal_flash.o
                0x08003640                HAL_FLASH_Lock
 .text.FLASH_WaitForLastOperation
                0x08003658       0x5c ./Drivers/STM32WLxx_HAL_Driver/stm32wlxx_hal_flash.o
                0x08003658                FLASH_WaitForLastOperation
 .text.HAL_FLASH_Program
                0x080036b4       0x70 ./Drivers/STM32WLxx_HAL_Driver/stm32wlxx_hal_flash.o
                0x080036b4                HAL_FLASH_Program
 .text.FLASH_PageErase
                0x08003724       0x1c ./Drivers/STM32WLxx_HAL_Driver/stm32wlxx_hal_flash_ex.o
                0x08003724                FLASH_PageErase
 .text.HAL_FLASHEx_Erase
                0x08003740       0x9c ./Drivers/STM32WLxx_HAL_Driver/stm32wlxx_hal_flash_ex.o
                0x08003740                HAL_FLASHEx_Erase
 .text.HAL_GPIO_Init
                0x080037dc      0x158 ./Drivers/STM32WLxx_HAL_Driver/stm32wlxx_hal_gpio.o
                0x080037dc                HAL_GPIO_Init
 .text.HAL_GPIO_DeInit
                0x08003934       0xe8 ./Drivers/STM32WLxx_HAL_Driver/stm32wlxx_hal_gpio.o
                0x08003934                HAL_GPIO_DeInit
 .text.HAL_GPIO_WritePin
                0x08003a1c        0xa ./Drivers/STM32WLxx_HAL_Driver/stm32wlxx_hal_gpio.o
                0x08003a1c                HAL_GPIO_WritePin
 .text.HAL_GPIO_TogglePin
                0x08003a26       0x12 ./Drivers/STM32WLxx_HAL_Driver/stm32wlxx_hal_gpio.o
                0x08003a26                HAL_GPIO_TogglePin
 .text.HAL_GPIO_EXTI_IRQHandler
                0x08003a38       0x18 ./Drivers/STM32WLxx_HAL_Driver/stm32wlxx_hal_gpio.o
                0x08003a38                HAL_GPIO_EXTI_IRQHandler
 .text.HAL_PWR_EnableBkUpAccess
                0x08003a50       0x10 ./Drivers/STM32WLxx_HAL_Driver/stm32wlxx_hal_pwr.o
                0x08003a50                HAL_PWR_EnableBkUpAccess
 .text.HAL_PWR_EnterSLEEPMode
                0x08003a60       0x40 ./Drivers/STM32WLxx_HAL_Driver/stm32wlxx_hal_pwr.o
                0x08003a60                HAL_PWR_EnterSLEEPMode
 .text.HAL_PWREx_GetVoltageRange
                0x08003aa0       0x10 ./Drivers/STM32WLxx_HAL_Driver/stm32wlxx_hal_pwr_ex.o
                0x08003aa0                HAL_PWREx_GetVoltageRange
 .text.HAL_PWREx_EnableLowPowerRunMode
                0x08003ab0       0x10 ./Drivers/STM32WLxx_HAL_Driver/stm32wlxx_hal_pwr_ex.o
                0x08003ab0                HAL_PWREx_EnableLowPowerRunMode
 .text.HAL_PWREx_DisableLowPowerRunMode
                0x08003ac0       0x40 ./Drivers/STM32WLxx_HAL_Driver/stm32wlxx_hal_pwr_ex.o
                0x08003ac0                HAL_PWREx_DisableLowPowerRunMode
 .text.HAL_PWREx_EnterSTOP2Mode
                0x08003b00       0x38 ./Drivers/STM32WLxx_HAL_Driver/stm32wlxx_hal_pwr_ex.o
                0x08003b00                HAL_PWREx_EnterSTOP2Mode
 .text.LL_RCC_HSE_IsReady
                0x08003b38        0xc ./Drivers/STM32WLxx_HAL_Driver/stm32wlxx_hal_rcc.o
 .text.LL_RCC_MSI_IsReady
                0x08003b44        0xc ./Drivers/STM32WLxx_HAL_Driver/stm32wlxx_hal_rcc.o
 .text.LL_RCC_MSI_SetCalibTrimming
                0x08003b50       0x12 ./Drivers/STM32WLxx_HAL_Driver/stm32wlxx_hal_rcc.o
 .text.LL_RCC_PLL_IsReady
                0x08003b62        0xc ./Drivers/STM32WLxx_HAL_Driver/stm32wlxx_hal_rcc.o
 *fill*         0x08003b6e        0x2 
 .text.RCC_SetFlashLatencyFromMSIRange
                0x08003b70       0xd4 ./Drivers/STM32WLxx_HAL_Driver/stm32wlxx_hal_rcc.o
 .text.HAL_RCC_GetSysClockFreq
                0x08003c44       0xdc ./Drivers/STM32WLxx_HAL_Driver/stm32wlxx_hal_rcc.o
                0x08003c44                HAL_RCC_GetSysClockFreq
 .text.HAL_RCC_GetHCLKFreq
                0x08003d20       0x20 ./Drivers/STM32WLxx_HAL_Driver/stm32wlxx_hal_rcc.o
                0x08003d20                HAL_RCC_GetHCLKFreq
 .text.HAL_RCC_OscConfig
                0x08003d40      0x534 ./Drivers/STM32WLxx_HAL_Driver/stm32wlxx_hal_rcc.o
                0x08003d40                HAL_RCC_OscConfig
 .text.HAL_RCC_ClockConfig
                0x08004274      0x1f4 ./Drivers/STM32WLxx_HAL_Driver/stm32wlxx_hal_rcc.o
                0x08004274                HAL_RCC_ClockConfig
 .text.HAL_RCC_GetPCLK1Freq
                0x08004468       0x20 ./Drivers/STM32WLxx_HAL_Driver/stm32wlxx_hal_rcc.o
                0x08004468                HAL_RCC_GetPCLK1Freq
 .text.HAL_RCC_GetPCLK2Freq
                0x08004488       0x20 ./Drivers/STM32WLxx_HAL_Driver/stm32wlxx_hal_rcc.o
                0x08004488                HAL_RCC_GetPCLK2Freq
 .text.LL_RCC_LSE_IsReady
                0x080044a8        0xe ./Drivers/STM32WLxx_HAL_Driver/stm32wlxx_hal_rcc_ex.o
 .text.LL_RCC_SetI2CClockSource
                0x080044b6       0x20 ./Drivers/STM32WLxx_HAL_Driver/stm32wlxx_hal_rcc_ex.o
 .text.LL_RCC_SetLPTIMClockSource
                0x080044d6       0x1a ./Drivers/STM32WLxx_HAL_Driver/stm32wlxx_hal_rcc_ex.o
 .text.HAL_RCCEx_PeriphCLKConfig
                0x080044f0      0x19c ./Drivers/STM32WLxx_HAL_Driver/stm32wlxx_hal_rcc_ex.o
                0x080044f0                HAL_RCCEx_PeriphCLKConfig
 .text.HAL_RTC_DeactivateAlarm
                0x0800468c       0x74 ./Drivers/STM32WLxx_HAL_Driver/stm32wlxx_hal_rtc.o
                0x0800468c                HAL_RTC_DeactivateAlarm
 .text.HAL_RTC_AlarmIRQHandler
                0x08004700       0x34 ./Drivers/STM32WLxx_HAL_Driver/stm32wlxx_hal_rtc.o
                0x08004700                HAL_RTC_AlarmIRQHandler
 .text.HAL_RTC_WaitForSynchro
                0x08004734       0x30 ./Drivers/STM32WLxx_HAL_Driver/stm32wlxx_hal_rtc.o
                0x08004734                HAL_RTC_WaitForSynchro
 .text.RTC_EnterInitMode
                0x08004764       0x4c ./Drivers/STM32WLxx_HAL_Driver/stm32wlxx_hal_rtc.o
                0x08004764                RTC_EnterInitMode
 .text.RTC_ExitInitMode
                0x080047b0       0x44 ./Drivers/STM32WLxx_HAL_Driver/stm32wlxx_hal_rtc.o
                0x080047b0                RTC_ExitInitMode
 .text.HAL_RTC_Init
                0x080047f4       0xa8 ./Drivers/STM32WLxx_HAL_Driver/stm32wlxx_hal_rtc.o
                0x080047f4                HAL_RTC_Init
 .text.RTC_ByteToBcd2
                0x0800489c       0x16 ./Drivers/STM32WLxx_HAL_Driver/stm32wlxx_hal_rtc.o
                0x0800489c                RTC_ByteToBcd2
 *fill*         0x080048b2        0x2 
 .text.HAL_RTC_SetAlarm_IT
                0x080048b4      0x15c ./Drivers/STM32WLxx_HAL_Driver/stm32wlxx_hal_rtc.o
                0x080048b4                HAL_RTC_SetAlarm_IT
 .text.HAL_RTCEx_EnableBypassShadow
                0x08004a10       0x3c ./Drivers/STM32WLxx_HAL_Driver/stm32wlxx_hal_rtc_ex.o
                0x08004a10                HAL_RTCEx_EnableBypassShadow
 .text.HAL_RTCEx_SetSSRU_IT
                0x08004a4c       0x4c ./Drivers/STM32WLxx_HAL_Driver/stm32wlxx_hal_rtc_ex.o
                0x08004a4c                HAL_RTCEx_SetSSRU_IT
 .text.HAL_RTCEx_SSRUIRQHandler
                0x08004a98       0x20 ./Drivers/STM32WLxx_HAL_Driver/stm32wlxx_hal_rtc_ex.o
                0x08004a98                HAL_RTCEx_SSRUIRQHandler
 .text.HAL_RTCEx_AlarmBEventCallback
                0x08004ab8        0x2 ./Drivers/STM32WLxx_HAL_Driver/stm32wlxx_hal_rtc_ex.o
                0x08004ab8                HAL_RTCEx_AlarmBEventCallback
 .text.HAL_RTCEx_BKUPWrite
                0x08004aba        0xe ./Drivers/STM32WLxx_HAL_Driver/stm32wlxx_hal_rtc_ex.o
                0x08004aba                HAL_RTCEx_BKUPWrite
 .text.HAL_RTCEx_BKUPRead
                0x08004ac8        0xe ./Drivers/STM32WLxx_HAL_Driver/stm32wlxx_hal_rtc_ex.o
                0x08004ac8                HAL_RTCEx_BKUPRead
 *fill*         0x08004ad6        0x2 
 .text.LL_PWR_UnselectSUBGHZSPI_NSS
                0x08004ad8       0x14 ./Drivers/STM32WLxx_HAL_Driver/stm32wlxx_hal_subghz.o
 .text.LL_PWR_SelectSUBGHZSPI_NSS
                0x08004aec       0x14 ./Drivers/STM32WLxx_HAL_Driver/stm32wlxx_hal_subghz.o
 .text.SUBGHZSPI_Init
                0x08004b00       0x24 ./Drivers/STM32WLxx_HAL_Driver/stm32wlxx_hal_subghz.o
                0x08004b00                SUBGHZSPI_Init
 .text.HAL_SUBGHZ_Init
                0x08004b24       0xb8 ./Drivers/STM32WLxx_HAL_Driver/stm32wlxx_hal_subghz.o
                0x08004b24                HAL_SUBGHZ_Init
 .text.SUBGHZSPI_Transmit
                0x08004bdc       0x68 ./Drivers/STM32WLxx_HAL_Driver/stm32wlxx_hal_subghz.o
                0x08004bdc                SUBGHZSPI_Transmit
 .text.SUBGHZSPI_Receive
                0x08004c44       0x6c ./Drivers/STM32WLxx_HAL_Driver/stm32wlxx_hal_subghz.o
                0x08004c44                SUBGHZSPI_Receive
 .text.SUBGHZ_WaitOnBusy
                0x08004cb0       0x44 ./Drivers/STM32WLxx_HAL_Driver/stm32wlxx_hal_subghz.o
                0x08004cb0                SUBGHZ_WaitOnBusy
 .text.SUBGHZ_CheckDeviceReady
                0x08004cf4       0x38 ./Drivers/STM32WLxx_HAL_Driver/stm32wlxx_hal_subghz.o
                0x08004cf4                SUBGHZ_CheckDeviceReady
 .text.HAL_SUBGHZ_WriteRegisters
                0x08004d2c       0x72 ./Drivers/STM32WLxx_HAL_Driver/stm32wlxx_hal_subghz.o
                0x08004d2c                HAL_SUBGHZ_WriteRegisters
 .text.HAL_SUBGHZ_ReadRegisters
                0x08004d9e       0x76 ./Drivers/STM32WLxx_HAL_Driver/stm32wlxx_hal_subghz.o
                0x08004d9e                HAL_SUBGHZ_ReadRegisters
 .text.HAL_SUBGHZ_ExecSetCmd
                0x08004e14       0x70 ./Drivers/STM32WLxx_HAL_Driver/stm32wlxx_hal_subghz.o
                0x08004e14                HAL_SUBGHZ_ExecSetCmd
 .text.HAL_SUBGHZ_ExecGetCmd
                0x08004e84       0x66 ./Drivers/STM32WLxx_HAL_Driver/stm32wlxx_hal_subghz.o
                0x08004e84                HAL_SUBGHZ_ExecGetCmd
 .text.HAL_SUBGHZ_IRQHandler
                0x08004eea       0x98 ./Drivers/STM32WLxx_HAL_Driver/stm32wlxx_hal_subghz.o
                0x08004eea                HAL_SUBGHZ_IRQHandler
 .text.HAL_SUBGHZ_WriteBuffer
                0x08004f82       0x66 ./Drivers/STM32WLxx_HAL_Driver/stm32wlxx_hal_subghz.o
                0x08004f82                HAL_SUBGHZ_WriteBuffer
 .text.HAL_SUBGHZ_ReadBuffer
                0x08004fe8       0x6e ./Drivers/STM32WLxx_HAL_Driver/stm32wlxx_hal_subghz.o
                0x08004fe8                HAL_SUBGHZ_ReadBuffer
 .text.UART_EndTxTransfer
                0x08005056       0x34 ./Drivers/STM32WLxx_HAL_Driver/stm32wlxx_hal_uart.o
 *fill*         0x0800508a        0x2 
 .text.UART_EndRxTransfer
                0x0800508c       0x58 ./Drivers/STM32WLxx_HAL_Driver/stm32wlxx_hal_uart.o
 .text.HAL_UART_Transmit_DMA
                0x080050e4       0x84 ./Drivers/STM32WLxx_HAL_Driver/stm32wlxx_hal_uart.o
                0x080050e4                HAL_UART_Transmit_DMA
 .text.UART_DMATransmitCplt
                0x08005168       0x46 ./Drivers/STM32WLxx_HAL_Driver/stm32wlxx_hal_uart.o
 .text.HAL_UART_TxHalfCpltCallback
                0x080051ae        0x2 ./Drivers/STM32WLxx_HAL_Driver/stm32wlxx_hal_uart.o
                0x080051ae                HAL_UART_TxHalfCpltCallback
 .text.UART_DMATxHalfCplt
                0x080051b0        0xa ./Drivers/STM32WLxx_HAL_Driver/stm32wlxx_hal_uart.o
 .text.HAL_UART_ErrorCallback
                0x080051ba        0x2 ./Drivers/STM32WLxx_HAL_Driver/stm32wlxx_hal_uart.o
                0x080051ba                HAL_UART_ErrorCallback
 .text.UART_DMAError
                0x080051bc       0x48 ./Drivers/STM32WLxx_HAL_Driver/stm32wlxx_hal_uart.o
 .text.UART_DMAAbortOnError
                0x08005204       0x14 ./Drivers/STM32WLxx_HAL_Driver/stm32wlxx_hal_uart.o
 .text.HAL_UARTEx_RxEventCallback
                0x08005218        0x2 ./Drivers/STM32WLxx_HAL_Driver/stm32wlxx_hal_uart.o
                0x08005218                HAL_UARTEx_RxEventCallback
 *fill*         0x0800521a        0x2 
 .text.HAL_UART_IRQHandler
                0x0800521c      0x2f8 ./Drivers/STM32WLxx_HAL_Driver/stm32wlxx_hal_uart.o
                0x0800521c                HAL_UART_IRQHandler
 .text.UART_RxISR_8BIT
                0x08005514       0xcc ./Drivers/STM32WLxx_HAL_Driver/stm32wlxx_hal_uart.o
 .text.UART_RxISR_16BIT
                0x080055e0       0xc4 ./Drivers/STM32WLxx_HAL_Driver/stm32wlxx_hal_uart.o
 .text.UART_RxISR_8BIT_FIFOEN
                0x080056a4      0x1a8 ./Drivers/STM32WLxx_HAL_Driver/stm32wlxx_hal_uart.o
 .text.UART_RxISR_16BIT_FIFOEN
                0x0800584c      0x1a4 ./Drivers/STM32WLxx_HAL_Driver/stm32wlxx_hal_uart.o
 .text.UART_SetConfig
                0x080059f0      0x21c ./Drivers/STM32WLxx_HAL_Driver/stm32wlxx_hal_uart.o
                0x080059f0                UART_SetConfig
 .text.UART_AdvFeatureConfig
                0x08005c0c       0xa8 ./Drivers/STM32WLxx_HAL_Driver/stm32wlxx_hal_uart.o
                0x08005c0c                UART_AdvFeatureConfig
 .text.UART_WaitOnFlagUntilTimeout
                0x08005cb4       0xc8 ./Drivers/STM32WLxx_HAL_Driver/stm32wlxx_hal_uart.o
                0x08005cb4                UART_WaitOnFlagUntilTimeout
 .text.UART_CheckIdleState
                0x08005d7c       0x6a ./Drivers/STM32WLxx_HAL_Driver/stm32wlxx_hal_uart.o
                0x08005d7c                UART_CheckIdleState
 .text.HAL_UART_Init
                0x08005de6       0x60 ./Drivers/STM32WLxx_HAL_Driver/stm32wlxx_hal_uart.o
                0x08005de6                HAL_UART_Init
 *fill*         0x08005e46        0x2 
 .text.UART_Start_Receive_IT
                0x08005e48      0x108 ./Drivers/STM32WLxx_HAL_Driver/stm32wlxx_hal_uart.o
                0x08005e48                UART_Start_Receive_IT
 .text.HAL_UART_Receive_IT
                0x08005f50       0x44 ./Drivers/STM32WLxx_HAL_Driver/stm32wlxx_hal_uart.o
                0x08005f50                HAL_UART_Receive_IT
 .text.UARTEx_SetNbDataToProcess
                0x08005f94       0x44 ./Drivers/STM32WLxx_HAL_Driver/stm32wlxx_hal_uart_ex.o
 .text.HAL_UARTEx_WakeupCallback
                0x08005fd8        0x2 ./Drivers/STM32WLxx_HAL_Driver/stm32wlxx_hal_uart_ex.o
                0x08005fd8                HAL_UARTEx_WakeupCallback
 .text.HAL_UARTEx_RxFifoFullCallback
                0x08005fda        0x2 ./Drivers/STM32WLxx_HAL_Driver/stm32wlxx_hal_uart_ex.o
                0x08005fda                HAL_UARTEx_RxFifoFullCallback
 .text.HAL_UARTEx_TxFifoEmptyCallback
                0x08005fdc        0x2 ./Drivers/STM32WLxx_HAL_Driver/stm32wlxx_hal_uart_ex.o
                0x08005fdc                HAL_UARTEx_TxFifoEmptyCallback
 .text.HAL_UARTEx_StopModeWakeUpSourceConfig
                0x08005fde       0x8c ./Drivers/STM32WLxx_HAL_Driver/stm32wlxx_hal_uart_ex.o
                0x08005fde                HAL_UARTEx_StopModeWakeUpSourceConfig
 .text.HAL_UARTEx_EnableStopMode
                0x0800606a       0x2c ./Drivers/STM32WLxx_HAL_Driver/stm32wlxx_hal_uart_ex.o
                0x0800606a                HAL_UARTEx_EnableStopMode
 .text.HAL_UARTEx_EnableFifoMode
                0x08006096       0x40 ./Drivers/STM32WLxx_HAL_Driver/stm32wlxx_hal_uart_ex.o
                0x08006096                HAL_UARTEx_EnableFifoMode
 .text.HAL_UARTEx_SetTxFifoThreshold
                0x080060d6       0x40 ./Drivers/STM32WLxx_HAL_Driver/stm32wlxx_hal_uart_ex.o
                0x080060d6                HAL_UARTEx_SetTxFifoThreshold
 .text.HAL_UARTEx_SetRxFifoThreshold
                0x08006116       0x40 ./Drivers/STM32WLxx_HAL_Driver/stm32wlxx_hal_uart_ex.o
                0x08006116                HAL_UARTEx_SetRxFifoThreshold
 *fill*         0x08006156        0x2 
 .text.LmHandlerPackageIsTxPending
                0x08006158       0x28 ./Middlewares/LoRaWAN/LmHandler.o
 .text.LmHandlerOnTxFrameCtrlChanged
                0x08006180       0x18 ./Middlewares/LoRaWAN/LmHandler.o
 .text.LmHandlerOnPingSlotPeriodicityChanged
                0x08006198       0x18 ./Middlewares/LoRaWAN/LmHandler.o
 .text.LmHandlerJoin
                0x080061b0       0xdc ./Middlewares/LoRaWAN/LmHandler.o
                0x080061b0                LmHandlerJoin
 .text.LmHandlerDeviceTimeReq
                0x0800628c       0x28 ./Middlewares/LoRaWAN/LmHandler.o
                0x0800628c                LmHandlerDeviceTimeReq
 .text.MlmeIndication
                0x080062b4       0x64 ./Middlewares/LoRaWAN/LmHandler.o
 .text.McpsConfirm
                0x08006318       0x58 ./Middlewares/LoRaWAN/LmHandler.o
 .text.LmHandlerGetDutyCycleWaitTime
                0x08006370        0xc ./Middlewares/LoRaWAN/LmHandler.o
                0x08006370                LmHandlerGetDutyCycleWaitTime
 .text.LmHandlerJoinStatus
                0x0800637c       0x26 ./Middlewares/LoRaWAN/LmHandler.o
                0x0800637c                LmHandlerJoinStatus
 *fill*         0x080063a2        0x2 
 .text.LmHandlerIsBusy
                0x080063a4       0x2c ./Middlewares/LoRaWAN/LmHandler.o
                0x080063a4                LmHandlerIsBusy
 .text.LmHandlerSend
                0x080063d0      0x134 ./Middlewares/LoRaWAN/LmHandler.o
                0x080063d0                LmHandlerSend
 .text.LmHandlerProcess
                0x08006504       0x60 ./Middlewares/LoRaWAN/LmHandler.o
                0x08006504                LmHandlerProcess
 .text.LmHandlerRequestClass
                0x08006564       0x8c ./Middlewares/LoRaWAN/LmHandler.o
                0x08006564                LmHandlerRequestClass
 .text.LmHandlerGetCurrentClass
                0x080065f0       0x28 ./Middlewares/LoRaWAN/LmHandler.o
                0x080065f0                LmHandlerGetCurrentClass
 .text.McpsIndication
                0x08006618       0x98 ./Middlewares/LoRaWAN/LmHandler.o
 .text.LmHandlerGetTxDatarate
                0x080066b0       0x30 ./Middlewares/LoRaWAN/LmHandler.o
                0x080066b0                LmHandlerGetTxDatarate
 .text.LmHandlerSetSystemMaxRxError
                0x080066e0       0x20 ./Middlewares/LoRaWAN/LmHandler.o
                0x080066e0                LmHandlerSetSystemMaxRxError
 .text.LmHandlerConfigure
                0x08006700      0x1b8 ./Middlewares/LoRaWAN/LmHandler.o
                0x08006700                LmHandlerConfigure
 .text.LmHandlerPackageRegister
                0x080068b8       0x68 ./Middlewares/LoRaWAN/LmHandler.o
                0x080068b8                LmHandlerPackageRegister
 .text.LmHandlerInit
                0x08006920       0x94 ./Middlewares/LoRaWAN/LmHandler.o
                0x08006920                LmHandlerInit
 .text.LmHandlerGetVersion
                0x080069b4       0x24 ./Middlewares/LoRaWAN/LmHandler.o
                0x080069b4                LmHandlerGetVersion
 .text.LmHandlerStop
                0x080069d8       0x12 ./Middlewares/LoRaWAN/LmHandler.o
                0x080069d8                LmHandlerStop
 .text.LmHandlerHalt
                0x080069ea       0x12 ./Middlewares/LoRaWAN/LmHandler.o
                0x080069ea                LmHandlerHalt
 .text.LmHandlerGetTxPower
                0x080069fc       0x30 ./Middlewares/LoRaWAN/LmHandler.o
                0x080069fc                LmHandlerGetTxPower
 .text.MlmeConfirm
                0x08006a2c       0xe8 ./Middlewares/LoRaWAN/LmHandler.o
 .text.LmHandlerNvmDataStore
                0x08006b14       0x68 ./Middlewares/LoRaWAN/LmHandler.o
                0x08006b14                LmHandlerNvmDataStore
 .text.LmhpComplianceIsInitialized
                0x08006b7c        0xc ./Middlewares/LoRaWAN/LmhpCompliance.o
 .text.LmhpComplianceIsTxPending
                0x08006b88        0xc ./Middlewares/LoRaWAN/LmhpCompliance.o
 .text.LmhpComplianceOnMlmeConfirm
                0x08006b94        0x2 ./Middlewares/LoRaWAN/LmhpCompliance.o
 *fill*         0x08006b96        0x2 
 .text.OnProcessTimer
                0x08006b98       0x1c ./Middlewares/LoRaWAN/LmhpCompliance.o
 .text.LmhpComplianceProcess
                0x08006bb4       0x98 ./Middlewares/LoRaWAN/LmhpCompliance.o
 .text.LmhpComplianceInit
                0x08006c4c       0x58 ./Middlewares/LoRaWAN/LmhpCompliance.o
 .text.LmhpComplianceOnMcpsIndication
                0x08006ca4      0x370 ./Middlewares/LoRaWAN/LmhpCompliance.o
 .text.LmhpComplianceOnMlmeIndication
                0x08007014        0x2 ./Middlewares/LoRaWAN/LmhpCompliance.o
 *fill*         0x08007016        0x2 
 .text.LmhpCompliancePackageFactory
                0x08007018        0x8 ./Middlewares/LoRaWAN/LmhpCompliance.o
                0x08007018                LmhpCompliancePackageFactory
 .text.LmhpPackagesRegistrationInit
                0x08007020        0x4 ./Middlewares/LoRaWAN/LmhpPackagesRegistration.o
                0x08007020                LmhpPackagesRegistrationInit
 .text.LmhpPackagesRegister
                0x08007024        0x6 ./Middlewares/LoRaWAN/LmhpPackagesRegistration.o
                0x08007024                LmhpPackagesRegister
 *fill*         0x0800702a        0x2 
 .text.UpdateRxSlotIdleState
                0x0800702c       0x1c ./Middlewares/LoRaWAN/LoRaMac.o
 .text.OnMacProcessNotify
                0x08007048       0x14 ./Middlewares/LoRaWAN/LoRaMac.o
 .text.OnRadioRxError
                0x0800705c       0x14 ./Middlewares/LoRaWAN/LoRaMac.o
 .text.GetMaxAppPayloadWithoutFOptsLength
                0x08007070       0x30 ./Middlewares/LoRaWAN/LoRaMac.o
 .text.OnRetransmitTimeoutTimerEvent
                0x080070a0       0x28 ./Middlewares/LoRaWAN/LoRaMac.o
 .text.PrepareRxDoneAbort
                0x080070c8       0x38 ./Middlewares/LoRaWAN/LoRaMac.o
 .text.HandleRadioRxErrorTimeout
                0x08007100       0xc4 ./Middlewares/LoRaWAN/LoRaMac.o
 .text.OnRadioRxTimeout
                0x080071c4       0x28 ./Middlewares/LoRaWAN/LoRaMac.o
 .text.OnRadioTxTimeout
                0x080071ec       0x28 ./Middlewares/LoRaWAN/LoRaMac.o
 .text.OnRadioRxDone
                0x08007214       0x4c ./Middlewares/LoRaWAN/LoRaMac.o
 .text.OnRadioTxDone
                0x08007260       0x4c ./Middlewares/LoRaWAN/LoRaMac.o
 .text.ScheduleTx
                0x080072ac      0x2f0 ./Middlewares/LoRaWAN/LoRaMac.o
 .text.OpenContinuousRxCWindow
                0x0800759c       0x5c ./Middlewares/LoRaWAN/LoRaMac.o
 .text.SwitchClass
                0x080075f8       0xd8 ./Middlewares/LoRaWAN/LoRaMac.o
 .text.ResetMacParameters.constprop.0
                0x080076d0      0x158 ./Middlewares/LoRaWAN/LoRaMac.o
 .text.RxWindowSetup.constprop.0
                0x08007828       0x48 ./Middlewares/LoRaWAN/LoRaMac.o
 .text.OnRxWindow1TimerEvent
                0x08007870       0x48 ./Middlewares/LoRaWAN/LoRaMac.o
 .text.OnRxWindow2TimerEvent
                0x080078b8       0x50 ./Middlewares/LoRaWAN/LoRaMac.o
 .text.LoRaMacHandleNvm.part.0.constprop.0
                0x08007908       0xf4 ./Middlewares/LoRaWAN/LoRaMac.o
 .text.ProcessMacCommands.constprop.0
                0x080079fc      0x568 ./Middlewares/LoRaWAN/LoRaMac.o
 .text.StopRetransmission.isra.0
                0x08007f64       0x44 ./Middlewares/LoRaWAN/LoRaMac.o
 .text.OnTxDelayedTimerEvent
                0x08007fa8       0x70 ./Middlewares/LoRaWAN/LoRaMac.o
 .text.LoRaMacIsBusy
                0x08008018       0x30 ./Middlewares/LoRaWAN/LoRaMac.o
                0x08008018                LoRaMacIsBusy
 .text.LoRaMacIsStopped
                0x08008048       0x14 ./Middlewares/LoRaWAN/LoRaMac.o
                0x08008048                LoRaMacIsStopped
 .text.LoRaMacProcess
                0x0800805c      0x8d0 ./Middlewares/LoRaWAN/LoRaMac.o
                0x0800805c                LoRaMacProcess
 .text.LoRaMacInitialization
                0x0800892c      0x37c ./Middlewares/LoRaWAN/LoRaMac.o
                0x0800892c                LoRaMacInitialization
 .text.LoRaMacStart
                0x08008ca8       0x14 ./Middlewares/LoRaWAN/LoRaMac.o
                0x08008ca8                LoRaMacStart
 .text.LoRaMacStop
                0x08008cbc       0x3c ./Middlewares/LoRaWAN/LoRaMac.o
                0x08008cbc                LoRaMacStop
 .text.LoRaMacHalt
                0x08008cf8       0x5c ./Middlewares/LoRaWAN/LoRaMac.o
                0x08008cf8                LoRaMacHalt
 .text.LoRaMacQueryTxPossible
                0x08008d54       0xc4 ./Middlewares/LoRaWAN/LoRaMac.o
                0x08008d54                LoRaMacQueryTxPossible
 .text.LoRaMacMibGetRequestConfirm
                0x08008e18      0x228 ./Middlewares/LoRaWAN/LoRaMac.o
                0x08008e18                LoRaMacMibGetRequestConfirm
 .text.LoRaMacMibSetRequestConfirm
                0x08009040      0x4e4 ./Middlewares/LoRaWAN/LoRaMac.o
                0x08009040                LoRaMacMibSetRequestConfirm
 .text.LoRaMacMlmeRequest
                0x08009524      0x208 ./Middlewares/LoRaWAN/LoRaMac.o
                0x08009524                LoRaMacMlmeRequest
 .text.LoRaMacMcpsRequest
                0x0800972c      0x384 ./Middlewares/LoRaWAN/LoRaMac.o
                0x0800972c                LoRaMacMcpsRequest
 .text.LoRaMacTestSetDutyCycleOn
                0x08009ab0       0x38 ./Middlewares/LoRaWAN/LoRaMac.o
                0x08009ab0                LoRaMacTestSetDutyCycleOn
 .text.LoRaMacDeInitialization
                0x08009ae8       0x44 ./Middlewares/LoRaWAN/LoRaMac.o
                0x08009ae8                LoRaMacDeInitialization
 .text.LoRaMacAdrCalcNext
                0x08009b2c       0xdc ./Middlewares/LoRaWAN/LoRaMacAdr.o
                0x08009b2c                LoRaMacAdrCalcNext
 .text.LoRaMacClassBInit
                0x08009c08        0x2 ./Middlewares/LoRaWAN/LoRaMacClassB.o
                0x08009c08                LoRaMacClassBInit
 .text.LoRaMacClassBSetBeaconState
                0x08009c0a        0x2 ./Middlewares/LoRaWAN/LoRaMacClassB.o
                0x08009c0a                LoRaMacClassBSetBeaconState
 .text.LoRaMacClassBSetPingSlotState
                0x08009c0c        0x2 ./Middlewares/LoRaWAN/LoRaMacClassB.o
                0x08009c0c                LoRaMacClassBSetPingSlotState
 .text.LoRaMacClassBSetMulticastSlotState
                0x08009c0e        0x2 ./Middlewares/LoRaWAN/LoRaMacClassB.o
                0x08009c0e                LoRaMacClassBSetMulticastSlotState
 .text.LoRaMacClassBIsAcquisitionInProgress
                0x08009c10        0x4 ./Middlewares/LoRaWAN/LoRaMacClassB.o
                0x08009c10                LoRaMacClassBIsAcquisitionInProgress
 .text.LoRaMacClassBBeaconTimerEvent
                0x08009c14        0x2 ./Middlewares/LoRaWAN/LoRaMacClassB.o
                0x08009c14                LoRaMacClassBBeaconTimerEvent
 .text.LoRaMacClassBPingSlotTimerEvent
                0x08009c16        0x2 ./Middlewares/LoRaWAN/LoRaMacClassB.o
                0x08009c16                LoRaMacClassBPingSlotTimerEvent
 .text.LoRaMacClassBMulticastSlotTimerEvent
                0x08009c18        0x2 ./Middlewares/LoRaWAN/LoRaMacClassB.o
                0x08009c18                LoRaMacClassBMulticastSlotTimerEvent
 .text.LoRaMacClassBRxBeacon
                0x08009c1a        0x4 ./Middlewares/LoRaWAN/LoRaMacClassB.o
                0x08009c1a                LoRaMacClassBRxBeacon
 .text.LoRaMacClassBIsBeaconExpected
                0x08009c1e        0x4 ./Middlewares/LoRaWAN/LoRaMacClassB.o
                0x08009c1e                LoRaMacClassBIsBeaconExpected
 .text.LoRaMacClassBIsPingExpected
                0x08009c22        0x4 ./Middlewares/LoRaWAN/LoRaMacClassB.o
                0x08009c22                LoRaMacClassBIsPingExpected
 .text.LoRaMacClassBIsMulticastExpected
                0x08009c26        0x4 ./Middlewares/LoRaWAN/LoRaMacClassB.o
                0x08009c26                LoRaMacClassBIsMulticastExpected
 .text.LoRaMacClassBIsBeaconModeActive
                0x08009c2a        0x4 ./Middlewares/LoRaWAN/LoRaMacClassB.o
                0x08009c2a                LoRaMacClassBIsBeaconModeActive
 .text.LoRaMacClassBSetPingSlotInfo
                0x08009c2e        0x2 ./Middlewares/LoRaWAN/LoRaMacClassB.o
                0x08009c2e                LoRaMacClassBSetPingSlotInfo
 .text.LoRaMacClassBHaltBeaconing
                0x08009c30        0x2 ./Middlewares/LoRaWAN/LoRaMacClassB.o
                0x08009c30                LoRaMacClassBHaltBeaconing
 .text.LoRaMacClassBResumeBeaconing
                0x08009c32        0x2 ./Middlewares/LoRaWAN/LoRaMacClassB.o
                0x08009c32                LoRaMacClassBResumeBeaconing
 .text.LoRaMacClassBSwitchClass
                0x08009c34        0x4 ./Middlewares/LoRaWAN/LoRaMacClassB.o
                0x08009c34                LoRaMacClassBSwitchClass
 .text.LoRaMacClassBMibGetRequestConfirm
                0x08009c38        0x4 ./Middlewares/LoRaWAN/LoRaMacClassB.o
                0x08009c38                LoRaMacClassBMibGetRequestConfirm
 .text.LoRaMacMibClassBSetRequestConfirm
                0x08009c3c        0x4 ./Middlewares/LoRaWAN/LoRaMacClassB.o
                0x08009c3c                LoRaMacMibClassBSetRequestConfirm
 .text.LoRaMacClassBPingSlotInfoAns
                0x08009c40        0x2 ./Middlewares/LoRaWAN/LoRaMacClassB.o
                0x08009c40                LoRaMacClassBPingSlotInfoAns
 .text.LoRaMacClassBPingSlotChannelReq
                0x08009c42        0x4 ./Middlewares/LoRaWAN/LoRaMacClassB.o
                0x08009c42                LoRaMacClassBPingSlotChannelReq
 .text.LoRaMacClassBBeaconTimingAns
                0x08009c46        0x2 ./Middlewares/LoRaWAN/LoRaMacClassB.o
                0x08009c46                LoRaMacClassBBeaconTimingAns
 .text.LoRaMacClassBDeviceTimeAns
                0x08009c48        0x2 ./Middlewares/LoRaWAN/LoRaMacClassB.o
                0x08009c48                LoRaMacClassBDeviceTimeAns
 .text.LoRaMacClassBBeaconFreqReq
                0x08009c4a        0x4 ./Middlewares/LoRaWAN/LoRaMacClassB.o
                0x08009c4a                LoRaMacClassBBeaconFreqReq
 .text.LoRaMacClassBIsUplinkCollision
                0x08009c4e        0x4 ./Middlewares/LoRaWAN/LoRaMacClassB.o
                0x08009c4e                LoRaMacClassBIsUplinkCollision
 .text.LoRaMacClassBStopRxSlots
                0x08009c52        0x2 ./Middlewares/LoRaWAN/LoRaMacClassB.o
                0x08009c52                LoRaMacClassBStopRxSlots
 .text.LoRaMacClassBSetFPendingBit
                0x08009c54        0x2 ./Middlewares/LoRaWAN/LoRaMacClassB.o
                0x08009c54                LoRaMacClassBSetFPendingBit
 .text.LoRaMacClassBProcess
                0x08009c56        0x2 ./Middlewares/LoRaWAN/LoRaMacClassB.o
                0x08009c56                LoRaMacClassBProcess
 .text.LoRaMacCommandsInit
                0x08009c58       0x1c ./Middlewares/LoRaWAN/LoRaMacCommands.o
                0x08009c58                LoRaMacCommandsInit
 .text.LoRaMacCommandsAddCmd
                0x08009c74       0x98 ./Middlewares/LoRaWAN/LoRaMacCommands.o
                0x08009c74                LoRaMacCommandsAddCmd
 .text.LoRaMacCommandsRemoveCmd
                0x08009d0c       0x54 ./Middlewares/LoRaWAN/LoRaMacCommands.o
                0x08009d0c                LoRaMacCommandsRemoveCmd
 .text.LoRaMacCommandsGetCmd
                0x08009d60       0x1c ./Middlewares/LoRaWAN/LoRaMacCommands.o
                0x08009d60                LoRaMacCommandsGetCmd
 .text.LoRaMacCommandsRemoveNoneStickyCmds
                0x08009d7c       0x1c ./Middlewares/LoRaWAN/LoRaMacCommands.o
                0x08009d7c                LoRaMacCommandsRemoveNoneStickyCmds
 .text.LoRaMacCommandsRemoveStickyAnsCmds
                0x08009d98       0x2c ./Middlewares/LoRaWAN/LoRaMacCommands.o
                0x08009d98                LoRaMacCommandsRemoveStickyAnsCmds
 .text.LoRaMacCommandsGetSizeSerializedCmds
                0x08009dc4       0x18 ./Middlewares/LoRaWAN/LoRaMacCommands.o
                0x08009dc4                LoRaMacCommandsGetSizeSerializedCmds
 .text.LoRaMacCommandsSerializeCmds
                0x08009ddc       0x68 ./Middlewares/LoRaWAN/LoRaMacCommands.o
                0x08009ddc                LoRaMacCommandsSerializeCmds
 .text.LoRaMacCommandsGetCmdSize
                0x08009e44       0x14 ./Middlewares/LoRaWAN/LoRaMacCommands.o
                0x08009e44                LoRaMacCommandsGetCmdSize
 .text.GetElement.constprop.0
                0x08009e58       0x34 ./Middlewares/LoRaWAN/LoRaMacConfirmQueue.o
 .text.LoRaMacConfirmQueueInit
                0x08009e8c       0x28 ./Middlewares/LoRaWAN/LoRaMacConfirmQueue.o
                0x08009e8c                LoRaMacConfirmQueueInit
 .text.LoRaMacConfirmQueueAdd
                0x08009eb4       0x40 ./Middlewares/LoRaWAN/LoRaMacConfirmQueue.o
                0x08009eb4                LoRaMacConfirmQueueAdd
 .text.LoRaMacConfirmQueueRemoveFirst
                0x08009ef4       0x2c ./Middlewares/LoRaWAN/LoRaMacConfirmQueue.o
                0x08009ef4                LoRaMacConfirmQueueRemoveFirst
 .text.LoRaMacConfirmQueueSetStatus
                0x08009f20       0x24 ./Middlewares/LoRaWAN/LoRaMacConfirmQueue.o
                0x08009f20                LoRaMacConfirmQueueSetStatus
 .text.LoRaMacConfirmQueueGetStatus
                0x08009f44       0x20 ./Middlewares/LoRaWAN/LoRaMacConfirmQueue.o
                0x08009f44                LoRaMacConfirmQueueGetStatus
 .text.LoRaMacConfirmQueueSetStatusCmn
                0x08009f64       0x30 ./Middlewares/LoRaWAN/LoRaMacConfirmQueue.o
                0x08009f64                LoRaMacConfirmQueueSetStatusCmn
 .text.LoRaMacConfirmQueueIsCmdActive
                0x08009f94       0x18 ./Middlewares/LoRaWAN/LoRaMacConfirmQueue.o
                0x08009f94                LoRaMacConfirmQueueIsCmdActive
 .text.LoRaMacConfirmQueueHandleCb
                0x08009fac       0x60 ./Middlewares/LoRaWAN/LoRaMacConfirmQueue.o
                0x08009fac                LoRaMacConfirmQueueHandleCb
 .text.LoRaMacConfirmQueueGetCnt
                0x0800a00c        0xc ./Middlewares/LoRaWAN/LoRaMacConfirmQueue.o
                0x0800a00c                LoRaMacConfirmQueueGetCnt
 .text.LoRaMacConfirmQueueIsFull
                0x0800a018       0x14 ./Middlewares/LoRaWAN/LoRaMacConfirmQueue.o
                0x0800a018                LoRaMacConfirmQueueIsFull
 .text.DeriveSessionKey10x
                0x0800a02c       0x46 ./Middlewares/LoRaWAN/LoRaMacCrypto.o
 .text.PayloadEncrypt
                0x0800a072       0xaa ./Middlewares/LoRaWAN/LoRaMacCrypto.o
 .text.GetLastFcntDown.constprop.0
                0x0800a11c       0x3c ./Middlewares/LoRaWAN/LoRaMacCrypto.o
 .text.VerifyCmacB0.constprop.0.isra.0
                0x0800a158       0x8a ./Middlewares/LoRaWAN/LoRaMacCrypto.o
 *fill*         0x0800a1e2        0x2 
 .text.LoRaMacCryptoInit
                0x0800a1e4       0x38 ./Middlewares/LoRaWAN/LoRaMacCrypto.o
                0x0800a1e4                LoRaMacCryptoInit
 .text.LoRaMacCryptoSetLrWanVersion
                0x0800a21c       0x10 ./Middlewares/LoRaWAN/LoRaMacCrypto.o
                0x0800a21c                LoRaMacCryptoSetLrWanVersion
 .text.LoRaMacCryptoGetFCntUp
                0x0800a22c       0x18 ./Middlewares/LoRaWAN/LoRaMacCrypto.o
                0x0800a22c                LoRaMacCryptoGetFCntUp
 .text.LoRaMacCryptoGetFCntDown
                0x0800a244       0x42 ./Middlewares/LoRaWAN/LoRaMacCrypto.o
                0x0800a244                LoRaMacCryptoGetFCntDown
 *fill*         0x0800a286        0x2 
 .text.LoRaMacCryptoSetMulticastReference
                0x0800a288       0x18 ./Middlewares/LoRaWAN/LoRaMacCrypto.o
                0x0800a288                LoRaMacCryptoSetMulticastReference
 .text.LoRaMacCryptoPrepareJoinRequest
                0x0800a2a0       0x50 ./Middlewares/LoRaWAN/LoRaMacCrypto.o
                0x0800a2a0                LoRaMacCryptoPrepareJoinRequest
 .text.LoRaMacCryptoSecureMessage
                0x0800a2f0       0xd0 ./Middlewares/LoRaWAN/LoRaMacCrypto.o
                0x0800a2f0                LoRaMacCryptoSecureMessage
 .text.LoRaMacCryptoUnsecureMessage
                0x0800a3c0       0xe0 ./Middlewares/LoRaWAN/LoRaMacCrypto.o
                0x0800a3c0                LoRaMacCryptoUnsecureMessage
 .text.LoRaMacCryptoDeriveLifeTimeKey
                0x0800a4a0       0x46 ./Middlewares/LoRaWAN/LoRaMacCrypto.o
                0x0800a4a0                LoRaMacCryptoDeriveLifeTimeKey
 *fill*         0x0800a4e6        0x2 
 .text.LoRaMacCryptoSetKey
                0x0800a4e8       0x40 ./Middlewares/LoRaWAN/LoRaMacCrypto.o
                0x0800a4e8                LoRaMacCryptoSetKey
 .text.LoRaMacCryptoHandleJoinAccept
                0x0800a528       0xfc ./Middlewares/LoRaWAN/LoRaMacCrypto.o
                0x0800a528                LoRaMacCryptoHandleJoinAccept
 .text.LoRaMacParserJoinAccept
                0x0800a624       0x9c ./Middlewares/LoRaWAN/LoRaMacParser.o
                0x0800a624                LoRaMacParserJoinAccept
 .text.LoRaMacParserData
                0x0800a6c0       0xb6 ./Middlewares/LoRaWAN/LoRaMacParser.o
                0x0800a6c0                LoRaMacParserData
 .text.LoRaMacSerializerJoinRequest
                0x0800a776       0x68 ./Middlewares/LoRaWAN/LoRaMacSerializer.o
                0x0800a776                LoRaMacSerializerJoinRequest
 .text.LoRaMacSerializerData
                0x0800a7de       0xd8 ./Middlewares/LoRaWAN/LoRaMacSerializer.o
                0x0800a7de                LoRaMacSerializerData
 *fill*         0x0800a8b6        0x2 
 .text.NvmDataMgmtEvent
                0x0800a8b8       0x10 ./Middlewares/LoRaWAN/NvmDataMgmt.o
                0x0800a8b8                NvmDataMgmtEvent
 .text.NvmDataMgmtStoreBegin
                0x0800a8c8       0x24 ./Middlewares/LoRaWAN/NvmDataMgmt.o
                0x0800a8c8                NvmDataMgmtStoreBegin
 .text.NvmDataMgmtStoreEnd
                0x0800a8ec       0x14 ./Middlewares/LoRaWAN/NvmDataMgmt.o
                0x0800a8ec                NvmDataMgmtStoreEnd
 .text.RegionIsActive
                0x0800a900       0x12 ./Middlewares/LoRaWAN/Region.o
                0x0800a900                RegionIsActive
 .text.RegionGetPhyParam
                0x0800a912       0x20 ./Middlewares/LoRaWAN/Region.o
                0x0800a912                RegionGetPhyParam
 .text.RegionSetBandTxDone
                0x0800a932       0x16 ./Middlewares/LoRaWAN/Region.o
                0x0800a932                RegionSetBandTxDone
 .text.RegionInitDefaults
                0x0800a948       0x16 ./Middlewares/LoRaWAN/Region.o
                0x0800a948                RegionInitDefaults
 .text.RegionVerify
                0x0800a95e       0x1a ./Middlewares/LoRaWAN/Region.o
                0x0800a95e                RegionVerify
 .text.RegionApplyCFList
                0x0800a978       0x16 ./Middlewares/LoRaWAN/Region.o
                0x0800a978                RegionApplyCFList
 .text.RegionChanMaskSet
                0x0800a98e       0x18 ./Middlewares/LoRaWAN/Region.o
                0x0800a98e                RegionChanMaskSet
 .text.RegionComputeRxWindowParameters
                0x0800a9a6       0x24 ./Middlewares/LoRaWAN/Region.o
                0x0800a9a6                RegionComputeRxWindowParameters
 .text.RegionRxConfig
                0x0800a9ca       0x1a ./Middlewares/LoRaWAN/Region.o
                0x0800a9ca                RegionRxConfig
 .text.RegionTxConfig
                0x0800a9e4       0x24 ./Middlewares/LoRaWAN/Region.o
                0x0800a9e4                RegionTxConfig
 .text.RegionLinkAdrReq
                0x0800aa08       0x2c ./Middlewares/LoRaWAN/Region.o
                0x0800aa08                RegionLinkAdrReq
 .text.RegionRxParamSetupReq
                0x0800aa34       0x18 ./Middlewares/LoRaWAN/Region.o
                0x0800aa34                RegionRxParamSetupReq
 .text.RegionNewChannelReq
                0x0800aa4c       0x18 ./Middlewares/LoRaWAN/Region.o
                0x0800aa4c                RegionNewChannelReq
 .text.RegionTxParamSetupReq
                0x0800aa64       0x18 ./Middlewares/LoRaWAN/Region.o
                0x0800aa64                RegionTxParamSetupReq
 .text.RegionDlChannelReq
                0x0800aa7c       0x18 ./Middlewares/LoRaWAN/Region.o
                0x0800aa7c                RegionDlChannelReq
 .text.RegionAlternateDr
                0x0800aa94       0x1a ./Middlewares/LoRaWAN/Region.o
                0x0800aa94                RegionAlternateDr
 .text.RegionNextChannel
                0x0800aaae       0x26 ./Middlewares/LoRaWAN/Region.o
                0x0800aaae                RegionNextChannel
 .text.RegionApplyDrOffset
                0x0800aad4       0x24 ./Middlewares/LoRaWAN/Region.o
                0x0800aad4                RegionApplyDrOffset
 .text.RegionGetVersion
                0x0800aaf8        0x8 ./Middlewares/LoRaWAN/Region.o
                0x0800aaf8                RegionGetVersion
 .text.RegionBaseUSComputeNext125kHzJoinChannel
                0x0800ab00       0x8c ./Middlewares/LoRaWAN/RegionBaseUS.o
                0x0800ab00                RegionBaseUSComputeNext125kHzJoinChannel
 .text.RegionBaseUSCalcDownlinkFrequency
                0x0800ab8c        0x6 ./Middlewares/LoRaWAN/RegionBaseUS.o
                0x0800ab8c                RegionBaseUSCalcDownlinkFrequency
 .text.RegionCommonChanVerifyDr
                0x0800ab92       0x5a ./Middlewares/LoRaWAN/RegionCommon.o
                0x0800ab92                RegionCommonChanVerifyDr
 .text.RegionCommonValueInRange
                0x0800abec       0x12 ./Middlewares/LoRaWAN/RegionCommon.o
                0x0800abec                RegionCommonValueInRange
 .text.RegionCommonChanDisable
                0x0800abfe       0x32 ./Middlewares/LoRaWAN/RegionCommon.o
                0x0800abfe                RegionCommonChanDisable
 .text.RegionCommonCountChannels
                0x0800ac30       0x3c ./Middlewares/LoRaWAN/RegionCommon.o
                0x0800ac30                RegionCommonCountChannels
 .text.RegionCommonChanMaskCopy
                0x0800ac6c       0x1e ./Middlewares/LoRaWAN/RegionCommon.o
                0x0800ac6c                RegionCommonChanMaskCopy
 .text.RegionCommonSetBandTxDone
                0x0800ac8a       0x48 ./Middlewares/LoRaWAN/RegionCommon.o
                0x0800ac8a                RegionCommonSetBandTxDone
 *fill*         0x0800acd2        0x2 
 .text.RegionCommonUpdateBandTimeOff
                0x0800acd4      0x1e0 ./Middlewares/LoRaWAN/RegionCommon.o
                0x0800acd4                RegionCommonUpdateBandTimeOff
 .text.RegionCommonParseLinkAdrReq
                0x0800aeb4       0x34 ./Middlewares/LoRaWAN/RegionCommon.o
                0x0800aeb4                RegionCommonParseLinkAdrReq
 .text.RegionCommonLinkAdrReqVerifyParams
                0x0800aee8       0x9a ./Middlewares/LoRaWAN/RegionCommon.o
                0x0800aee8                RegionCommonLinkAdrReqVerifyParams
 *fill*         0x0800af82        0x2 
 .text.RegionCommonComputeSymbolTimeLoRa
                0x0800af84       0x10 ./Middlewares/LoRaWAN/RegionCommon.o
                0x0800af84                RegionCommonComputeSymbolTimeLoRa
 .text.RegionCommonComputeSymbolTimeFsk
                0x0800af94        0xa ./Middlewares/LoRaWAN/RegionCommon.o
                0x0800af94                RegionCommonComputeSymbolTimeFsk
 .text.RegionCommonComputeRxWindowParameters
                0x0800af9e       0x50 ./Middlewares/LoRaWAN/RegionCommon.o
                0x0800af9e                RegionCommonComputeRxWindowParameters
 .text.RegionCommonComputeTxPower
                0x0800afee       0x2a ./Middlewares/LoRaWAN/RegionCommon.o
                0x0800afee                RegionCommonComputeTxPower
 .text.RegionCommonCountNbOfEnabledChannels
                0x0800b018       0xb4 ./Middlewares/LoRaWAN/RegionCommon.o
                0x0800b018                RegionCommonCountNbOfEnabledChannels
 .text.RegionCommonIdentifyChannels
                0x0800b0cc       0x88 ./Middlewares/LoRaWAN/RegionCommon.o
                0x0800b0cc                RegionCommonIdentifyChannels
 .text.RegionCommonGetNextLowerTxDr
                0x0800b154       0x36 ./Middlewares/LoRaWAN/RegionCommon.o
                0x0800b154                RegionCommonGetNextLowerTxDr
 .text.RegionCommonLimitTxPower
                0x0800b18a        0x8 ./Middlewares/LoRaWAN/RegionCommon.o
                0x0800b18a                RegionCommonLimitTxPower
 *fill*         0x0800b192        0x2 
 .text.RegionCommonGetBandwidth
                0x0800b194       0x24 ./Middlewares/LoRaWAN/RegionCommon.o
                0x0800b194                RegionCommonGetBandwidth
 .text.RegionCommonRxConfigPrint
                0x0800b1b8       0x44 ./Middlewares/LoRaWAN/RegionCommon.o
                0x0800b1b8                RegionCommonRxConfigPrint
 .text.RegionCommonTxConfigPrint
                0x0800b1fc       0x1c ./Middlewares/LoRaWAN/RegionCommon.o
                0x0800b1fc                RegionCommonTxConfigPrint
 .text.GetTimeOnAir
                0x0800b218       0x54 ./Middlewares/LoRaWAN/RegionEU868.o
 .text.VerifyRfFreq
                0x0800b26c       0x9c ./Middlewares/LoRaWAN/RegionEU868.o
 .text.RegionEU868GetPhyParam
                0x0800b308      0x130 ./Middlewares/LoRaWAN/RegionEU868.o
                0x0800b308                RegionEU868GetPhyParam
 .text.RegionEU868SetBandTxDone
                0x0800b438       0x38 ./Middlewares/LoRaWAN/RegionEU868.o
                0x0800b438                RegionEU868SetBandTxDone
 .text.RegionEU868InitDefaults
                0x0800b470       0xd0 ./Middlewares/LoRaWAN/RegionEU868.o
                0x0800b470                RegionEU868InitDefaults
 .text.RegionEU868Verify
                0x0800b540       0x4a ./Middlewares/LoRaWAN/RegionEU868.o
                0x0800b540                RegionEU868Verify
 *fill*         0x0800b58a        0x2 
 .text.RegionEU868ChanMaskSet
                0x0800b58c       0x34 ./Middlewares/LoRaWAN/RegionEU868.o
                0x0800b58c                RegionEU868ChanMaskSet
 .text.RegionEU868ComputeRxWindowParameters
                0x0800b5c0       0x64 ./Middlewares/LoRaWAN/RegionEU868.o
                0x0800b5c0                RegionEU868ComputeRxWindowParameters
 .text.RegionEU868RxConfig
                0x0800b624       0xf0 ./Middlewares/LoRaWAN/RegionEU868.o
                0x0800b624                RegionEU868RxConfig
 .text.RegionEU868TxConfig
                0x0800b714      0x11c ./Middlewares/LoRaWAN/RegionEU868.o
                0x0800b714                RegionEU868TxConfig
 .text.RegionEU868LinkAdrReq
                0x0800b830      0x15c ./Middlewares/LoRaWAN/RegionEU868.o
                0x0800b830                RegionEU868LinkAdrReq
 .text.RegionEU868RxParamSetupReq
                0x0800b98c       0x3c ./Middlewares/LoRaWAN/RegionEU868.o
                0x0800b98c                RegionEU868RxParamSetupReq
 .text.RegionEU868TxParamSetupReq
                0x0800b9c8        0x6 ./Middlewares/LoRaWAN/RegionEU868.o
                0x0800b9c8                RegionEU868TxParamSetupReq
 *fill*         0x0800b9ce        0x2 
 .text.RegionEU868DlChannelReq
                0x0800b9d0       0x50 ./Middlewares/LoRaWAN/RegionEU868.o
                0x0800b9d0                RegionEU868DlChannelReq
 .text.RegionEU868AlternateDr
                0x0800ba20        0x2 ./Middlewares/LoRaWAN/RegionEU868.o
                0x0800ba20                RegionEU868AlternateDr
 *fill*         0x0800ba22        0x2 
 .text.RegionEU868NextChannel
                0x0800ba24       0xf8 ./Middlewares/LoRaWAN/RegionEU868.o
                0x0800ba24                RegionEU868NextChannel
 .text.RegionEU868ChannelAdd
                0x0800bb1c       0xbc ./Middlewares/LoRaWAN/RegionEU868.o
                0x0800bb1c                RegionEU868ChannelAdd
 .text.RegionEU868ChannelsRemove
                0x0800bbd8       0x30 ./Middlewares/LoRaWAN/RegionEU868.o
                0x0800bbd8                RegionEU868ChannelsRemove
 .text.RegionEU868ApplyCFList
                0x0800bc08       0x7c ./Middlewares/LoRaWAN/RegionEU868.o
                0x0800bc08                RegionEU868ApplyCFList
 .text.RegionEU868NewChannelReq
                0x0800bc84       0x42 ./Middlewares/LoRaWAN/RegionEU868.o
                0x0800bc84                RegionEU868NewChannelReq
 .text.RegionEU868ApplyDrOffset
                0x0800bcc6        0xc ./Middlewares/LoRaWAN/RegionEU868.o
                0x0800bcc6                RegionEU868ApplyDrOffset
 *fill*         0x0800bcd2        0x2 
 .text.GetTimeOnAir
                0x0800bcd4       0x3c ./Middlewares/LoRaWAN/RegionUS915.o
 .text.VerifyRfFreq
                0x0800bd10       0x40 ./Middlewares/LoRaWAN/RegionUS915.o
 .text.RegionUS915GetPhyParam
                0x0800bd50      0x144 ./Middlewares/LoRaWAN/RegionUS915.o
                0x0800bd50                RegionUS915GetPhyParam
 .text.RegionUS915SetBandTxDone
                0x0800be94       0x38 ./Middlewares/LoRaWAN/RegionUS915.o
                0x0800be94                RegionUS915SetBandTxDone
 .text.RegionUS915InitDefaults
                0x0800becc      0x114 ./Middlewares/LoRaWAN/RegionUS915.o
                0x0800becc                RegionUS915InitDefaults
 .text.RegionUS915Verify
                0x0800bfe0       0x46 ./Middlewares/LoRaWAN/RegionUS915.o
                0x0800bfe0                RegionUS915Verify
 *fill*         0x0800c026        0x2 
 .text.RegionUS915ApplyCFList
                0x0800c028       0x58 ./Middlewares/LoRaWAN/RegionUS915.o
                0x0800c028                RegionUS915ApplyCFList
 .text.RegionUS915ChanMaskSet